Component: ARM Compiler 5.06 update 7 (build 960) Tool: armlink [4d3601]

==============================================================================

Section Cross References

    main.o(i.main) refers to system_stm32f10x.o(i.SystemInit) for SystemInit
    main.o(i.main) refers to misc.o(i.NVIC_PriorityGroupConfig) for NVIC_PriorityGroupConfig
    main.o(i.main) refers to delay.o(i.delay_init) for delay_init
    main.o(i.main) refers to usart.o(i.Uart2_init) for Uart2_init
    main.o(i.main) refers to speaker.o(i.SPEAKER_Init) for SPEAKER_Init
    main.o(i.main) refers to ultrasonic.o(i.USWAVE_GPIO_Init) for USWAVE_GPIO_Init
    main.o(i.main) refers to ultrasonic.o(i.TIM2_Init) for TIM2_Init
    main.o(i.main) refers to ledbypwm.o(i.TIM3_PWM_Init) for TIM3_PWM_Init
    main.o(i.main) refers to motor.o(i.Motor_Init) for Motor_Init
    main.o(i.main) refers to infrared.o(i.IR_Sensor_Init) for IR_Sensor_Init
    main.o(i.main) refers to gray.o(i.GRAY_ADC_Init) for GRAY_ADC_Init
    main.o(i.main) refers to gray.o(i.PA1_Init_As_Sensor) for PA1_Init_As_Sensor
    main.o(i.main) refers to 4lf.o(i.LF_GPIO_Init) for LF_GPIO_Init
    main.o(i.main) refers to bluetooth.o(i.serial_data_postback) for serial_data_postback
    main.o(i.main) refers to time.o(i.TIM1_Init) for TIM1_Init
    main.o(i.main) refers to bluetooth.o(i.bluetooth_deal) for bluetooth_deal
    main.o(i.main) refers to delay.o(i.delay_us) for delay_us
    system_stm32f10x.o(i.SetSysClock) refers to system_stm32f10x.o(i.SetSysClockTo72) for SetSysClockTo72
    system_stm32f10x.o(i.SystemCoreClockUpdate) refers to system_stm32f10x.o(.data) for SystemCoreClock
    system_stm32f10x.o(i.SystemInit) refers to system_stm32f10x.o(i.SetSysClock) for SetSysClock
    ledbypwm.o(i.TIM3_PWM_Init) refers to stm32f10x_rcc.o(i.RCC_APB1PeriphClockCmd) for RCC_APB1PeriphClockCmd
    ledbypwm.o(i.TIM3_PWM_Init) refers to stm32f10x_rcc.o(i.RCC_APB2PeriphClockCmd) for RCC_APB2PeriphClockCmd
    ledbypwm.o(i.TIM3_PWM_Init) refers to stm32f10x_gpio.o(i.GPIO_Init) for GPIO_Init
    ledbypwm.o(i.TIM3_PWM_Init) refers to stm32f10x_gpio.o(i.GPIO_ResetBits) for GPIO_ResetBits
    ledbypwm.o(i.TIM3_PWM_Init) refers to stm32f10x_tim.o(i.TIM_TimeBaseInit) for TIM_TimeBaseInit
    ledbypwm.o(i.TIM3_PWM_Init) refers to stm32f10x_tim.o(i.TIM_OC2Init) for TIM_OC2Init
    ledbypwm.o(i.TIM3_PWM_Init) refers to stm32f10x_tim.o(i.TIM_OC2PreloadConfig) for TIM_OC2PreloadConfig
    ledbypwm.o(i.TIM3_PWM_Init) refers to stm32f10x_tim.o(i.TIM_OC3Init) for TIM_OC3Init
    ledbypwm.o(i.TIM3_PWM_Init) refers to stm32f10x_tim.o(i.TIM_OC3PreloadConfig) for TIM_OC3PreloadConfig
    ledbypwm.o(i.TIM3_PWM_Init) refers to stm32f10x_tim.o(i.TIM_OC4Init) for TIM_OC4Init
    ledbypwm.o(i.TIM3_PWM_Init) refers to stm32f10x_tim.o(i.TIM_OC4PreloadConfig) for TIM_OC4PreloadConfig
    ledbypwm.o(i.TIM3_PWM_Init) refers to stm32f10x_tim.o(i.TIM_Cmd) for TIM_Cmd
    ledbypwm.o(i.TIM3_PWM_Init) refers to stm32f10x_tim.o(i.TIM_ARRPreloadConfig) for TIM_ARRPreloadConfig
    ledbypwm.o(i.breath_led) refers to ledbypwm.o(i.Set_RGB_Brightness) for Set_RGB_Brightness
    ledbypwm.o(i.colour_mode) refers to servo.o(i.Servo_SetAngle) for Servo_SetAngle
    ledbypwm.o(i.colour_mode) refers to ledbypwm.o(i.Set_RGB_Brightness) for Set_RGB_Brightness
    ledbypwm.o(i.colour_mode) refers to delay.o(i.delay_ms) for delay_ms
    ledbypwm.o(i.colour_mode) refers to ledbypwm.o(.data) for angle
    ledbypwm.o(i.rainbow_led) refers to ledbypwm.o(i.Set_RGB_Brightness) for Set_RGB_Brightness
    time.o(i.TIM1_Init) refers to stm32f10x_rcc.o(i.RCC_APB2PeriphClockCmd) for RCC_APB2PeriphClockCmd
    time.o(i.TIM1_Init) refers to stm32f10x_gpio.o(i.GPIO_Init) for GPIO_Init
    time.o(i.TIM1_Init) refers to stm32f10x_tim.o(i.TIM_TimeBaseInit) for TIM_TimeBaseInit
    time.o(i.TIM1_Init) refers to stm32f10x_tim.o(i.TIM_OC4Init) for TIM_OC4Init
    time.o(i.TIM1_Init) refers to stm32f10x_tim.o(i.TIM_OC4PreloadConfig) for TIM_OC4PreloadConfig
    time.o(i.TIM1_Init) refers to stm32f10x_tim.o(i.TIM_ITConfig) for TIM_ITConfig
    time.o(i.TIM1_Init) refers to stm32f10x_tim.o(i.TIM_CtrlPWMOutputs) for TIM_CtrlPWMOutputs
    time.o(i.TIM1_Init) refers to stm32f10x_tim.o(i.TIM_Cmd) for TIM_Cmd
    time.o(i.TIM1_Init) refers to misc.o(i.NVIC_Init) for NVIC_Init
    time.o(i.TIM1_UP_IRQHandler) refers to stm32f10x_tim.o(i.TIM_GetITStatus) for TIM_GetITStatus
    time.o(i.TIM1_UP_IRQHandler) refers to bluetooth.o(i.serial_data_postback) for serial_data_postback
    time.o(i.TIM1_UP_IRQHandler) refers to stm32f10x_tim.o(i.TIM_ClearITPendingBit) for TIM_ClearITPendingBit
    time.o(i.TIM1_UP_IRQHandler) refers to time.o(.data) for update_counter
    protocol.o(i.Protocol) refers to protocol.o(i.ProtocolCpyData) for ProtocolCpyData
    protocol.o(i.Protocol) refers to protocol.o(i.StringFind) for StringFind
    protocol.o(i.Protocol) refers to motor.o(i.Car_Stop) for Car_Stop
[...]
    Removing stm32f10x_tim.o(i.TIM_SelectSlaveMode), (18 bytes).
    Removing stm32f10x_tim.o(i.TIM_SetAutoreload), (4 bytes).
    Removing stm32f10x_tim.o(i.TIM_SetClockDivision), (18 bytes).
    Removing stm32f10x_tim.o(i.TIM_SetCompare3), (4 bytes).
    Removing stm32f10x_tim.o(i.TIM_SetCounter), (4 bytes).
    Removing stm32f10x_tim.o(i.TIM_SetIC1Prescaler), (18 bytes).
    Removing stm32f10x_tim.o(i.TIM_SetIC2Prescaler), (26 bytes).
    Removing stm32f10x_tim.o(i.TIM_SetIC3Prescaler), (18 bytes).
    Removing stm32f10x_tim.o(i.TIM_SetIC4Prescaler), (26 bytes).
    Removing stm32f10x_tim.o(i.TIM_TIxExternalClockConfig), (62 bytes).
    Removing stm32f10x_tim.o(i.TIM_TimeBaseStructInit), (18 bytes).
    Removing stm32f10x_tim.o(i.TIM_UpdateDisableConfig), (24 bytes).
    Removing stm32f10x_tim.o(i.TIM_UpdateRequestConfig), (24 bytes).
    Removing stm32f10x_usart.o(i.USART_ClockInit), (34 bytes).
    Removing stm32f10x_usart.o(i.USART_ClockStructInit), (12 bytes).
    Removing stm32f10x_usart.o(i.USART_DMACmd), (18 bytes).
    Removing stm32f10x_usart.o(i.USART_DeInit), (156 bytes).
    Removing stm32f10x_usart.o(i.USART_GetITStatus), (84 bytes).
    Removing stm32f10x_usart.o(i.USART_HalfDuplexCmd), (24 bytes).
    Removing stm32f10x_usart.o(i.USART_IrDACmd), (24 bytes).
    Removing stm32f10x_usart.o(i.USART_IrDAConfig), (18 bytes).
    Removing stm32f10x_usart.o(i.USART_LINBreakDetectLengthConfig), (18 bytes).
    Removing stm32f10x_usart.o(i.USART_LINCmd), (24 bytes).
    Removing stm32f10x_usart.o(i.USART_OneBitMethodCmd), (24 bytes).
    Removing stm32f10x_usart.o(i.USART_OverSampling8Cmd), (22 bytes).
    Removing stm32f10x_usart.o(i.USART_ReceiverWakeUpCmd), (24 bytes).
    Removing stm32f10x_usart.o(i.USART_SendBreak), (10 bytes).
    Removing stm32f10x_usart.o(i.USART_SetAddress), (18 bytes).
    Removing stm32f10x_usart.o(i.USART_SetGuardTime), (16 bytes).
    Removing stm32f10x_usart.o(i.USART_SetPrescaler), (16 bytes).
    Removing stm32f10x_usart.o(i.USART_SmartCardCmd), (24 bytes).
    Removing stm32f10x_usart.o(i.USART_SmartCardNACKCmd), (24 bytes).
    Removing stm32f10x_usart.o(i.USART_StructInit), (24 bytes).
    Removing stm32f10x_usart.o(i.USART_WakeUpConfig), (18 bytes).
    Removing stm32f10x_wwdg.o(i.WWDG_ClearFlag), (12 bytes).
    Removing stm32f10x_wwdg.o(i.WWDG_DeInit), (22 bytes).
    Removing stm32f10x_wwdg.o(i.WWDG_Enable), (16 bytes).
    Removing stm32f10x_wwdg.o(i.WWDG_EnableIT), (12 bytes).
    Removing stm32f10x_wwdg.o(i.WWDG_GetFlagStatus), (12 bytes).
    Removing stm32f10x_wwdg.o(i.WWDG_SetCounter), (16 bytes).
    Removing stm32f10x_wwdg.o(i.WWDG_SetPrescaler), (24 bytes).
    Removing stm32f10x_wwdg.o(i.WWDG_SetWindowValue), (40 bytes).
    Removing sys.o(.emb_text), (6 bytes).
    Removing sys.o(i.INTX_DISABLE), (4 bytes).
    Removing sys.o(i.INTX_ENABLE), (4 bytes).
    Removing sys.o(i.WFI_SET), (4 bytes).
    Removing usart.o(i.USART2_SendChar), (32 bytes).
    Removing usart.o(i.USART2_SendString), (22 bytes).
    Removing led.o(i.BLED), (14 bytes).
    Removing led.o(i.BLED_OFF), (14 bytes).
    Removing led.o(i.GLED), (14 bytes).
    Removing led.o(i.GLED_OFF), (14 bytes).
    Removing led.o(i.RLED), (14 bytes).
    Removing led.o(i.RLED_OFF), (14 bytes).
    Removing led.o(i.R_FLASH_FAST), (36 bytes).
    Removing led.o(i.R_FLASH_MIDDLE), (36 bytes).
    Removing led.o(i.R_FLASH_SLOW), (36 bytes).
    Removing speaker.o(i.SPEAKER_SLOW), (24 bytes).
    Removing ultrasonic.o(i.Com_Avoidance), (276 bytes).
    Removing ultrasonic.o(i.USWAVE), (66 bytes).
    Removing ultrasonic.o(i.USWAVE_Avoidance), (120 bytes).
    Removing ultrasonic.o(i.USWAVE_Init), (12 bytes).
    Removing motor.o(i.MOTOR_TEST), (112 bytes).
    Removing infrared.o(i.IR_Avoidance), (184 bytes).
    Removing servo.o(i.SERVO_TEST), (52 bytes).
    Removing servo.o(i.Servo_SetPulse), (40 bytes).
    Removing servo.o(i.Servo_SmoothMove), (62 bytes).

453 unused section(s) (total 18578 bytes) removed from the image.

==============================================================================

Image Symbol Table

    Local Symbols

    Symbol Name                              Value     Ov Type        Size  Object(Section)

    ../clib/microlib/ctype/ctype.c           0x00000000   Number         0  isprint_o.o ABSOLUTE
    ../clib/microlib/ctype/ctype.c           0x00000000   Number         0  isxdigit_o.o ABSOLUTE
    ../clib/microlib/ctype/ctype.c           0x00000000   Number         0  isupper_o.o ABSOLUTE
    ../clib/microlib/ctype/ctype.c           0x00000000   Number         0  isspace_o.o ABSOLUTE
    ../clib/microlib/ctype/ctype.c           0x00000000   Number         0  ispunct_o.o ABSOLUTE
    ../clib/microlib/ctype/ctype.c           0x00000000   Number         0  islower_o.o ABSOLUTE
    ../clib/microlib/ctype/ctype.c           0x00000000   Number         0  isgraph_o.o ABSOLUTE
    ../clib/microlib/ctype/ctype.c           0x00000000   Number         0  isdigit_o.o ABSOLUTE
    ../clib/microlib/ctype/ctype.c           0x00000000   Number         0  iscntrl_o.o ABSOLUTE
    ../clib/microlib/ctype/ctype.c           0x00000000   Number         0  isblank_o.o ABSOLUTE
    ../clib/microlib/ctype/ctype.c           0x00000000   Number         0  isalpha_o.o ABSOLUTE
    ../clib/microlib/ctype/ctype.c           0x00000000   Number         0  isalnum_o.o ABSOLUTE
    ../clib/microlib/ctype/ctype.c           0x00000000   Number         0  ctype_o.o ABSOLUTE
    ../clib/microlib/division.c              0x00000000   Number         0  uidiv.o ABSOLUTE
    ../clib/microlib/division.c              0x00000000   Number         0  uldiv.o ABSOLUTE
    ../clib/microlib/errno.c                 0x00000000   Number         0  errno.o ABSOLUTE
    ../clib/microlib/init/entry.s            0x00000000   Number         0  entry8a.o ABSOLUTE
    ../clib/microlib/init/entry.s            0x00000000   Number         0  entry7b.o ABSOLUTE
    ../clib/microlib/init/entry.s            0x00000000   Number         0  entry9b.o ABSOLUTE
    ../clib/microlib/init/entry.s            0x00000000   Number         0  entry7a.o ABSOLUTE
    ../clib/microlib/init/entry.s            0x00000000   Number         0  entry10b.o ABSOLUTE
    ../clib/microlib/init/entry.s            0x00000000   Number         0  entry2.o ABSOLUTE
    ../clib/microlib/init/entry.s            0x00000000   Number         0  entry5.o ABSOLUTE
    ../clib/microlib/init/entry.s            0x00000000   Number         0  entry.o ABSOLUTE
    ../clib/microlib/init/entry.s            0x00000000   Number         0  entry11a.o ABSOLUTE
    ../clib/microlib/init/entry.s            0x00000000   Number         0  entry10a.o ABSOLUTE
    ../clib/microlib/init/entry.s            0x00000000   Number         0  entry11b.o ABSOLUTE
    ../clib/microlib/init/entry.s            0x00000000   Number         0  entry12b.o ABSOLUTE
    ../clib/microlib/init/entry.s            0x00000000   Number         0  entry12a.o ABSOLUTE
    ../clib/microlib/init/entry.s            0x00000000   Number         0  entry9a.o ABSOLUTE
    ../clib/microlib/init/entry.s            0x00000000   Number         0  entry8b.o ABSOLUTE
    ../clib/microlib/longlong.c              0x00000000   Number         0  llsshr.o ABSOLUTE
    ../clib/microlib/longlong.c              0x00000000   Number         0  llshl.o ABSOLUTE
    ../clib/microlib/longlong.c              0x00000000   Number         0  llushr.o ABSOLUTE
    ../clib/microlib/printf/printf.c         0x00000000   Number         0  printf7.o ABSOLUTE
    ../clib/microlib/printf/printf.c         0x00000000   Number         0  printfa.o ABSOLUTE
    ../clib/microlib/printf/printf.c         0x00000000   Number         0  printf6.o ABSOLUTE
    ../clib/microlib/printf/printf.c         0x00000000   Number         0  printf5.o ABSOLUTE
    ../clib/microlib/printf/printf.c         0x00000000   Number         0  printf4.o ABSOLUTE
    ../clib/microlib/printf/printf.c         0x00000000   Number         0  printf3.o ABSOLUTE
    ../clib/microlib/printf/printf.c         0x00000000   Number         0  printf2.o ABSOLUTE
    ../clib/microlib/printf/printf.c         0x00000000   Number         0  printf1.o ABSOLUTE
    ../clib/microlib/printf/printf.c         0x00000000   Number         0  printf0.o ABSOLUTE
    ../clib/microlib/printf/printf.c         0x00000000   Number         0  printfb.o ABSOLUTE
    ../clib/microlib/printf/printf.c         0x00000000   Number         0  printf8.o ABSOLUTE
    ../clib/microlib/printf/stubs.s          0x00000000   Number         0  stubs.o ABSOLUTE
    ../clib/microlib/stdio/streams.c         0x00000000   Number         0  stdout.o ABSOLUTE
    ../clib/microlib/string/memcpy.c         0x00000000   Number         0  memcpyb.o ABSOLUTE
    ../clib/microlib/string/memcpy.c         0x00000000   Number         0  memcpya.o ABSOLUTE
    ../clib/microlib/string/memset.c         0x00000000   Number         0  memseta.o ABSOLUTE
    ../clib/microlib/stubs.s                 0x00000000   Number         0  iusefp.o ABSOLUTE
    ../clib/scanf.c                          0x00000000   Number         0  _strtoul.o ABSOLUTE
    ../clib/scanf.c                          0x00000000   Number         0  atoi.o ABSOLUTE
    ../clib/scanf.c                          0x00000000   Number         0  _chval.o ABSOLUTE
    ../clib/scanf.c                          0x00000000   Number         0  strtol.o ABSOLUTE
    ../fplib/microlib/f2d.c                  0x00000000   Number         0  f2d.o ABSOLUTE
    ../fplib/microlib/fpadd.c                0x00000000   Number         0  dadd.o ABSOLUTE
    ../fplib/microlib/fpdiv.c                0x00000000   Number         0  fdiv.o ABSOLUTE
    ../fplib/microlib/fpdiv.c                0x00000000   Number         0  ddiv.o ABSOLUTE
    ../fplib/microlib/fpepilogue.c           0x00000000   Number         0  depilogue.o ABSOLUTE
    ../fplib/microlib/fpepilogue.c           0x00000000   Number         0  fepilogue.o ABSOLUTE
    ../fplib/microlib/fpfix.c                0x00000000   Number         0  dfixui.o ABSOLUTE
    ../fplib/microlib/fpfix.c                0x00000000   Number         0  ffixui.o ABSOLUTE
    ../fplib/microlib/fpfix.c                0x00000000   Number         0  ffixi.o ABSOLUTE
    ../fplib/microlib/fpfix.c                0x00000000   Number         0  dfixul.o ABSOLUTE
    ../fplib/microlib/fpflt.c                0x00000000   Number         0  dflti.o ABSOLUTE
    ../fplib/microlib/fpflt.c                0x00000000   Number         0  dfltui.o ABSOLUTE
    ../fplib/microlib/fpflt.c                0x00000000   Number         0  ffltui.o ABSOLUTE
    ../fplib/microlib/fpmul.c                0x00000000   Number         0  dmul.o ABSOLUTE
    ../fplib/microlib/fpmul.c                0x00000000   Number         0  fmul.o ABSOLUTE
    ..\CORE\core_cm3.c                       0x00000000   Number         0  core_cm3.o ABSOLUTE
    ..\CORE\startup_stm32f10x_md.s           0x00000000   Number         0  startup_stm32f10x_md.o ABSOLUTE
    ..\FWLIB\src\misc.c                      0x00000000   Number         0  misc.o ABSOLUTE
    ..\FWLIB\src\stm32f10x_adc.c             0x00000000   Number         0  stm32f10x_adc.o ABSOLUTE
    ..\FWLIB\src\stm32f10x_bkp.c             0x00000000   Number         0  stm32f10x_bkp.o ABSOLUTE
    ..\FWLIB\src\stm32f10x_can.c             0x00000000   Number         0  stm32f10x_can.o ABSOLUTE
    ..\FWLIB\src\stm32f10x_cec.c             0x00000000   Number         0  stm32f10x_cec.o ABSOLUTE
    ..\FWLIB\src\stm32f10x_crc.c             0x00000000   Number         0  stm32f10x_crc.o ABSOLUTE
    ..\FWLIB\src\stm32f10x_dac.c             0x00000000   Number         0  stm32f10x_dac.o ABSOLUTE
    ..\FWLIB\src\stm32f10x_dbgmcu.c          0x00000000   Number         0  stm32f10x_dbgmcu.o ABSOLUTE
    ..\FWLIB\src\stm32f10x_dma.c             0x00000000   Number         0  stm32f10x_dma.o ABSOLUTE
    ..\FWLIB\src\stm32f10x_exti.c            0x00000000   Number         0  stm32f10x_exti.o ABSOLUTE
    ..\FWLIB\src\stm32f10x_flash.c           0x00000000   Number         0  stm32f10x_flash.o ABSOLUTE
    ..\FWLIB\src\stm32f10x_fsmc.c            0x00000000   Number         0  stm32f10x_fsmc.o ABSOLUTE
    ..\FWLIB\src\stm32f10x_gpio.c            0x00000000   Number         0  stm32f10x_gpio.o ABSOLUTE
    ..\FWLIB\src\stm32f10x_i2c.c             0x00000000   Number         0  stm32f10x_i2c.o ABSOLUTE
    ..\FWLIB\src\stm32f10x_iwdg.c            0x00000000   Number         0  stm32f10x_iwdg.o ABSOLUTE
    ..\FWLIB\src\stm32f10x_pwr.c             0x00000000   Number         0  stm32f10x_pwr.o ABSOLUTE
    ..\FWLIB\src\stm32f10x_rcc.c             0x00000000   Number         0  stm32f10x_rcc.o ABSOLUTE
    ..\FWLIB\src\stm32f10x_rtc.c             0x00000000   Number         0  stm32f10x_rtc.o ABSOLUTE
    ..\FWLIB\src\stm32f10x_sdio.c            0x00000000   Number         0  stm32f10x_sdio.o ABSOLUTE
    ..\FWLIB\src\stm32f10x_spi.c             0x00000000   Number         0  stm32f10x_spi.o ABSOLUTE
    ..\FWLIB\src\stm32f10x_tim.c             0x00000000   Number         0  stm32f10x_tim.o ABSOLUTE
    ..\FWLIB\src\stm32f10x_usart.c           0x00000000   Number         0  stm32f10x_usart.o ABSOLUTE
    ..\FWLIB\src\stm32f10x_wwdg.c            0x00000000   Number         0  stm32f10x_wwdg.o ABSOLUTE
    ..\HARDWARE\4LF\4LF.c                    0x00000000   Number         0  4lf.o ABSOLUTE
    ..\HARDWARE\BIUETOOTH\BLUETOOTH.c        0x00000000   Number         0  bluetooth.o ABSOLUTE
    ..\HARDWARE\FAN\FAN.c                    0x00000000   Number         0  fan.o ABSOLUTE
    ..\HARDWARE\GRAY\GRAY.c                  0x00000000   Number         0  gray.o ABSOLUTE
    ..\HARDWARE\INFRARED\INFRARED.c          0x00000000   Number         0  infrared.o ABSOLUTE
    ..\HARDWARE\MOTOR\MOTOR.c                0x00000000   Number         0  motor.o ABSOLUTE
    ..\HARDWARE\RGBLED\LED.c                 0x00000000   Number         0  led.o ABSOLUTE
    ..\HARDWARE\SERVO\SERVO.c                0x00000000   Number         0  servo.o ABSOLUTE
    ..\HARDWARE\SPEAKER\SPEAKER.c            0x00000000   Number         0  speaker.o ABSOLUTE
    ..\HARDWARE\ULTRASONIC\ULTRASONIC.c      0x00000000   Number         0  ultrasonic.o ABSOLUTE
    ..\SYSTEM\delay\delay.c                  0x00000000   Number         0  delay.o ABSOLUTE
    ..\SYSTEM\sys\sys.c                      0x00000000   Number         0  sys.o ABSOLUTE
    ..\SYSTEM\usart\usart.c                  0x00000000   Number         0  usart.o ABSOLUTE
    ..\\CORE\\core_cm3.c                     0x00000000   Number         0  core_cm3.o ABSOLUTE
    ..\\SYSTEM\\sys\\sys.c                   0x00000000   Number         0  sys.o ABSOLUTE
    LEDBYPWM.c                               0x00000000   Number         0  ledbypwm.o ABSOLUTE
    cdrcmple.s                               0x00000000   Number         0  cdrcmple.o ABSOLUTE
    dc.s                                     0x00000000   Number         0  dc.o ABSOLUTE
    handlers.s                               0x00000000   Number         0  handlers.o ABSOLUTE
    init.s                                   0x00000000   Number         0  init.o ABSOLUTE
    main.c                                   0x00000000   Number         0  main.o ABSOLUTE
    protocol.c                               0x00000000   Number         0  protocol.o ABSOLUTE
    stm32f10x_it.c                           0x00000000   Number         0  stm32f10x_it.o ABSOLUTE
    system_stm32f10x.c                       0x00000000   Number         0  system_stm32f10x.o ABSOLUTE
    time.c                                   0x00000000   Number         0  time.o ABSOLUTE
    RESET                                    0x08000000   Section      236  startup_stm32f10x_md.o(RESET)
    .ARM.Collect$$$$00000000                 0x080000ec   Section        0  entry.o(.ARM.Collect$$$$00000000)
    .ARM.Collect$$$$00000001                 0x080000ec   Section        4  entry2.o(.ARM.Collect$$$$00000001)
    .ARM.Collect$$$$00000004                 0x080000f0   Section        4  entry5.o(.ARM.Collect$$$$00000004)
    .ARM.Collect$$$$00000008                 0x080000f4   Section        0  entry7b.o(.ARM.Collect$$$$00000008)
    .ARM.Collect$$$$0000000A                 0x080000f4   Section        0  entry8b.o(.ARM.Collect$$$$0000000A)
    .ARM.Collect$$$$0000000B                 0x080000f4   Section        8  entry9a.o(.ARM.Collect$$$$0000000B)
    .ARM.Collect$$$$0000000E                 0x080000fc   Section        4  entry12b.o(.ARM.Collect$$$$0000000E)
    .ARM.Collect$$$$0000000F                 0x08000100   Section        0  entry10a.o(.ARM.Collect$$$$0000000F)
    .ARM.Collect$$$$00000011                 0x08000100   Section        0  entry11a.o(.ARM.Collect$$$$00000011)
    .ARM.Collect$$$$00002712                 0x08000100   Section        4  entry2.o(.ARM.Collect$$$$00002712)
    __lit__00000000                          0x08000100   Data           4  entry2.o(.ARM.Collect$$$$00002712)
    .text                                    0x08000104   Section       36  startup_stm32f10x_md.o(.text)
    .text                                    0x08000128   Section        0  memcpya.o(.text)
    .text                                    0x0800014c   Section        0  memseta.o(.text)
    .text                                    0x08000170   Section        0  atoi.o(.text)
    .text                                    0x0800018a   Section        0  fmul.o(.text)
    .text                                    0x080001ee   Section        0  fdiv.o(.text)
    .text                                    0x0800026a   Section        0  dmul.o(.text)
    .text                                    0x0800034e   Section        0  ffltui.o(.text)
    .text                                    0x08000358   Section        0  dflti.o(.text)
    .text                                    0x0800037a   Section        0  dfltui.o(.text)
    .text                                    0x08000394   Section        0  ffixi.o(.text)
    .text                                    0x080003c6   Section        0  ffixui.o(.text)
    .text                                    0x080003ee   Section        0  dfixui.o(.text)
    .text                                    0x08000420   Section        0  f2d.o(.text)
    .text                                    0x08000446   Section        0  uidiv.o(.text)
    .text                                    0x08000472   Section        0  uldiv.o(.text)
    .text                                    0x080004d4   Section        0  llushr.o(.text)
    .text                                    0x080004f4   Section        0  strtol.o(.text)
    .text                                    0x08000564   Section        0  fepilogue.o(.text)
    .text                                    0x08000564   Section        0  iusefp.o(.text)
    .text                                    0x080005d2   Section        0  depilogue.o(.text)
    .text                                    0x0800068c   Section        0  dadd.o(.text)
    .text                                    0x080007da   Section        0  ddiv.o(.text)
    .text                                    0x080008b8   Section        0  dfixul.o(.text)
    .text                                    0x080008e8   Section       48  cdrcmple.o(.text)
    .text                                    0x08000918   Section       36  init.o(.text)
    .text                                    0x0800093c   Section        0  llshl.o(.text)
    .text                                    0x0800095a   Section        0  llsshr.o(.text)
    .text                                    0x08000980   Section        0  ctype_o.o(.text)
    .text                                    0x08000988   Section        0  _strtoul.o(.text)
    .text                                    0x08000a26   Section        0  _chval.o(.text)
    i.ADC_Cmd                                0x08000a42   Section        0  stm32f10x_adc.o(i.ADC_Cmd)
    i.ADC_DeInit                             0x08000a58   Section        0  stm32f10x_adc.o(i.ADC_DeInit)
    i.ADC_GetCalibrationStatus               0x08000ab4   Section        0  stm32f10x_adc.o(i.ADC_GetCalibrationStatus)
    i.ADC_GetConversionValue                 0x08000ac8   Section        0  stm32f10x_adc.o(i.ADC_GetConversionValue)
    i.ADC_GetFlagStatus                      0x08000ad0   Section        0  stm32f10x_adc.o(i.ADC_GetFlagStatus)
    i.ADC_GetResetCalibrationStatus          0x08000ae2   Section        0  stm32f10x_adc.o(i.ADC_GetResetCalibrationStatus)
    i.ADC_Init                               0x08000af8   Section        0  stm32f10x_adc.o(i.ADC_Init)
    i.ADC_RegularChannelConfig               0x08000b48   Section        0  stm32f10x_adc.o(i.ADC_RegularChannelConfig)
    i.ADC_ResetCalibration                   0x08000c00   Section        0  stm32f10x_adc.o(i.ADC_ResetCalibration)
    i.ADC_SoftwareStartConvCmd               0x08000c0a   Section        0  stm32f10x_adc.o(i.ADC_SoftwareStartConvCmd)
    i.ADC_StartCalibration                   0x08000c20   Section        0  stm32f10x_adc.o(i.ADC_StartCalibration)
    i.BusFault_Handler                       0x08000c2a   Section        0  stm32f10x_it.o(i.BusFault_Handler)
    i.Car_Backward                           0x08000c30   Section        0  motor.o(i.Car_Backward)
    i.Car_Forward                            0x08000c6c   Section        0  motor.o(i.Car_Forward)
    i.Car_Left_Turn                          0x08000ca8   Section        0  motor.o(i.Car_Left_Turn)
    i.Car_Right_Turn                         0x08000d08   Section        0  motor.o(i.Car_Right_Turn)
    i.Car_Stop                               0x08000d68   Section        0  motor.o(i.Car_Stop)
    i.Car_Turn_Left_InPlace                  0x08000da0   Section        0  motor.o(i.Car_Turn_Left_InPlace)
    i.Car_Turn_Right_InPlace                 0x08000ddc   Section        0  motor.o(i.Car_Turn_Right_InPlace)
    i.DebugMon_Handler                       0x08000e18   Section        0  stm32f10x_it.o(i.DebugMon_Handler)
    i.FAN_OFF                                0x08000e1c   Section        0  fan.o(i.FAN_OFF)
    i.FAN_ON                                 0x08000e50   Section        0  fan.o(i.FAN_ON)
    i.GPIO_Init                              0x08000e84   Section        0  stm32f10x_gpio.o(i.GPIO_Init)
    i.GPIO_PinRemapConfig                    0x08000f9c   Section        0  stm32f10x_gpio.o(i.GPIO_PinRemapConfig)
    i.GPIO_ReadInputDataBit                  0x0800102c   Section        0  stm32f10x_gpio.o(i.GPIO_ReadInputDataBit)
    i.GPIO_ResetBits                         0x0800103e   Section        0  stm32f10x_gpio.o(i.GPIO_ResetBits)
    i.GPIO_SetBits                           0x08001042   Section        0  stm32f10x_gpio.o(i.GPIO_SetBits)
    i.GRAY_ADC_Init                          0x08001048   Section        0  gray.o(i.GRAY_ADC_Init)
    i.Get_4FL                                0x080010c0   Section        0  4lf.o(i.Get_4FL)
    i.Get_IR                                 0x08001138   Section        0  infrared.o(i.Get_IR)
    i.HardFault_Handler                      0x0800117c   Section        0  stm32f10x_it.o(i.HardFault_Handler)
    i.IR_Sensor_Init                         0x08001180   Section        0  infrared.o(i.IR_Sensor_Init)
    i.LF_GPIO_Init                           0x080011b8   Section        0  4lf.o(i.LF_GPIO_Init)
    i.Line_Following_Control                 0x080011f4   Section        0  4lf.o(i.Line_Following_Control)
    i.MemManage_Handler                      0x080014b4   Section        0  stm32f10x_it.o(i.MemManage_Handler)
    i.ModeBEEP                               0x080014b8   Section        0  speaker.o(i.ModeBEEP)
    i.Motor_Init                             0x080014e8   Section        0  motor.o(i.Motor_Init)
    i.NMI_Handler                            0x080015b0   Section        0  stm32f10x_it.o(i.NMI_Handler)
    i.NVIC_Init                              0x080015b4   Section        0  misc.o(i.NVIC_Init)
    i.NVIC_PriorityGroupConfig               0x08001624   Section        0  misc.o(i.NVIC_PriorityGroupConfig)
    i.PA1_Init_As_Sensor                     0x08001638   Section        0  gray.o(i.PA1_Init_As_Sensor)
    i.PA1_Switch_To_Fan                      0x08001670   Section        0  gray.o(i.PA1_Switch_To_Fan)
    i.PA1_Switch_To_Sensor                   0x080016a4   Section        0  gray.o(i.PA1_Switch_To_Sensor)
    i.PendSV_Handler                         0x080016d4   Section        0  stm32f10x_it.o(i.PendSV_Handler)
    i.Protocol                               0x080016d8   Section        0  protocol.o(i.Protocol)
    i.ProtocolCpyData                        0x08001be0   Section        0  protocol.o(i.ProtocolCpyData)
    i.RCC_APB1PeriphClockCmd                 0x08001c08   Section        0  stm32f10x_rcc.o(i.RCC_APB1PeriphClockCmd)
    i.RCC_APB2PeriphClockCmd                 0x08001c28   Section        0  stm32f10x_rcc.o(i.RCC_APB2PeriphClockCmd)
    i.RCC_APB2PeriphResetCmd                 0x08001c48   Section        0  stm32f10x_rcc.o(i.RCC_APB2PeriphResetCmd)
    i.RCC_GetClocksFreq                      0x08001c68   Section        0  stm32f10x_rcc.o(i.RCC_GetClocksFreq)
    i.Read_Gray_Sensor                       0x08001d3c   Section        0  gray.o(i.Read_Gray_Sensor)
    i.SPEAKER_FAST                           0x08001d70   Section        0  speaker.o(i.SPEAKER_FAST)
    i.SPEAKER_Init                           0x08001d88   Section        0  speaker.o(i.SPEAKER_Init)
    i.SPEAKER_OFF                            0x08001dbc   Section        0  speaker.o(i.SPEAKER_OFF)
    i.SPEAKER_ON                             0x08001dcc   Section        0  speaker.o(i.SPEAKER_ON)
    i.SVC_Handler                            0x08001ddc   Section        0  stm32f10x_it.o(i.SVC_Handler)
    i.Servo_SetAngle                         0x08001de0   Section        0  servo.o(i.Servo_SetAngle)
    i.SetSysClock                            0x08001e0c   Section        0  system_stm32f10x.o(i.SetSysClock)
    SetSysClock                              0x08001e0d   Thumb Code     8  system_stm32f10x.o(i.SetSysClock)
    i.SetSysClockTo72                        0x08001e14   Section        0  system_stm32f10x.o(i.SetSysClockTo72)
    SetSysClockTo72                          0x08001e15   Thumb Code   214  system_stm32f10x.o(i.SetSysClockTo72)
    i.Set_Left_Speed                         0x08001ef4   Section        0  motor.o(i.Set_Left_Speed)
    i.Set_RGB_Brightness                     0x08001f10   Section        0  ledbypwm.o(i.Set_RGB_Brightness)
    i.Set_Right_Speed                        0x08001f24   Section        0  motor.o(i.Set_Right_Speed)
    i.StringFind                             0x08001f40   Section        0  protocol.o(i.StringFind)
    i.SysTick_CLKSourceConfig                0x08001f8c   Section        0  misc.o(i.SysTick_CLKSourceConfig)
    i.SysTick_Handler                        0x08001fb4   Section        0  stm32f10x_it.o(i.SysTick_Handler)
    i.SystemInit                             0x08001fb8   Section        0  system_stm32f10x.o(i.SystemInit)
    i.TIM1_Init                              0x08002018   Section        0  time.o(i.TIM1_Init)
    i.TIM1_UP_IRQHandler                     0x080020d8   Section        0  time.o(i.TIM1_UP_IRQHandler)
    i.TIM2_Init                              0x08002110   Section        0  ultrasonic.o(i.TIM2_Init)
    i.TIM3_PWM_Init                          0x08002150   Section        0  ledbypwm.o(i.TIM3_PWM_Init)
    i.TIM_ARRPreloadConfig                   0x08002234   Section        0  stm32f10x_tim.o(i.TIM_ARRPreloadConfig)
    i.TIM_ClearITPendingBit                  0x0800224c   Section        0  stm32f10x_tim.o(i.TIM_ClearITPendingBit)
    i.TIM_Cmd                                0x08002252   Section        0  stm32f10x_tim.o(i.TIM_Cmd)
    i.TIM_CtrlPWMOutputs                     0x0800226a   Section        0  stm32f10x_tim.o(i.TIM_CtrlPWMOutputs)
    i.TIM_GetITStatus                        0x08002288   Section        0  stm32f10x_tim.o(i.TIM_GetITStatus)
    i.TIM_ITConfig                           0x080022aa   Section        0  stm32f10x_tim.o(i.TIM_ITConfig)
    i.TIM_OC1Init                            0x080022bc   Section        0  stm32f10x_tim.o(i.TIM_OC1Init)
    i.TIM_OC1PreloadConfig                   0x08002354   Section        0  stm32f10x_tim.o(i.TIM_OC1PreloadConfig)
    i.TIM_OC2Init                            0x08002368   Section        0  stm32f10x_tim.o(i.TIM_OC2Init)
    i.TIM_OC2PreloadConfig                   0x0800240c   Section        0  stm32f10x_tim.o(i.TIM_OC2PreloadConfig)
    i.TIM_OC3Init                            0x08002428   Section        0  stm32f10x_tim.o(i.TIM_OC3Init)
    i.TIM_OC3PreloadConfig                   0x080024c8   Section        0  stm32f10x_tim.o(i.TIM_OC3PreloadConfig)
    i.TIM_OC4Init                            0x080024dc   Section        0  stm32f10x_tim.o(i.TIM_OC4Init)
    i.TIM_OC4PreloadConfig                   0x08002558   Section        0  stm32f10x_tim.o(i.TIM_OC4PreloadConfig)
    i.TIM_SetCompare1                        0x08002572   Section        0  stm32f10x_tim.o(i.TIM_SetCompare1)
    i.TIM_SetCompare2                        0x08002576   Section        0  stm32f10x_tim.o(i.TIM_SetCompare2)
    i.TIM_SetCompare4                        0x0800257a   Section        0  stm32f10x_tim.o(i.TIM_SetCompare4)
    i.TIM_TimeBaseInit                       0x08002580   Section        0  stm32f10x_tim.o(i.TIM_TimeBaseInit)
    i.ULTRASONIC_SERVO_Avoidance             0x08002624   Section        0  ultrasonic.o(i.ULTRASONIC_SERVO_Avoidance)
    i.USART2_IRQHandler                      0x080026d4   Section        0  usart.o(i.USART2_IRQHandler)
    i.USART_ClearFlag                        0x08002784   Section        0  stm32f10x_usart.o(i.USART_ClearFlag)
    i.USART_ClearITPendingBit                0x08002796   Section        0  stm32f10x_usart.o(i.USART_ClearITPendingBit)
    i.USART_Cmd                              0x080027b4   Section        0  stm32f10x_usart.o(i.USART_Cmd)
    i.USART_GetFlagStatus                    0x080027cc   Section        0  stm32f10x_usart.o(i.USART_GetFlagStatus)
    i.USART_ITConfig                         0x080027e6   Section        0  stm32f10x_usart.o(i.USART_ITConfig)
    i.USART_Init                             0x08002830   Section        0  stm32f10x_usart.o(i.USART_Init)
    i.USART_ReceiveData                      0x08002908   Section        0  stm32f10x_usart.o(i.USART_ReceiveData)
    i.USART_SendData                         0x08002912   Section        0  stm32f10x_usart.o(i.USART_SendData)
    i.USWAVE_GPIO_Init                       0x0800291c   Section        0  ultrasonic.o(i.USWAVE_GPIO_Init)
    i.Uart2_init                             0x0800297c   Section        0  usart.o(i.Uart2_init)
    i.Ultrasonic_GetDistance                 0x08002a20   Section        0  ultrasonic.o(i.Ultrasonic_GetDistance)
    i.UsageFault_Handler                     0x08002b08   Section        0  stm32f10x_it.o(i.UsageFault_Handler)
    i.__0printf                              0x08002b0c   Section        0  printfa.o(i.__0printf)
    i.__aeabi_errno_addr                     0x08002b2c   Section        0  errno.o(i.__aeabi_errno_addr)
    i.__scatterload_copy                     0x08002b34   Section       14  handlers.o(i.__scatterload_copy)
    i.__scatterload_null                     0x08002b42   Section        2  handlers.o(i.__scatterload_null)
    i.__scatterload_zeroinit                 0x08002b44   Section       14  handlers.o(i.__scatterload_zeroinit)
    i._fp_digits                             0x08002b54   Section        0  printfa.o(i._fp_digits)
    _fp_digits                               0x08002b55   Thumb Code   366  printfa.o(i._fp_digits)
    i._printf_core                           0x08002cd8   Section        0  printfa.o(i._printf_core)
    _printf_core                             0x08002cd9   Thumb Code  1704  printfa.o(i._printf_core)
    i._printf_post_padding                   0x0800338c   Section        0  printfa.o(i._printf_post_padding)
    _printf_post_padding                     0x0800338d   Thumb Code    36  printfa.o(i._printf_post_padding)
    i._printf_pre_padding                    0x080033b0   Section        0  printfa.o(i._printf_pre_padding)
    _printf_pre_padding                      0x080033b1   Thumb Code    46  printfa.o(i._printf_pre_padding)
    i.bluetooth_deal                         0x080033e0   Section        0  bluetooth.o(i.bluetooth_deal)
    i.colour_mode                            0x0800342c   Section        0  ledbypwm.o(i.colour_mode)
    i.delay_init                             0x080035c0   Section        0  delay.o(i.delay_init)
    i.delay_ms                               0x08003604   Section        0  delay.o(i.delay_ms)
    i.delay_us                               0x08003650   Section        0  delay.o(i.delay_us)
    i.fputc                                  0x0800369c   Section        0  usart.o(i.fputc)
    i.main                                   0x080036c0   Section        0  main.o(i.main)
    i.serial_data_postback                   0x08003714   Section        0  bluetooth.o(i.serial_data_postback)
    i.whistle                                0x080037a0   Section        0  speaker.o(i.whistle)
    .constdata                               0x080037cc   Section      129  ctype_o.o(.constdata)
    .constdata                               0x08003850   Section        4  ctype_o.o(.constdata)
    table                                    0x08003850   Data           4  ctype_o.o(.constdata)
    .data                                    0x20000000   Section       20  system_stm32f10x.o(.data)
    .data                                    0x20000014   Section       16  ledbypwm.o(.data)
    direction                                0x20000020   Data           4  ledbypwm.o(.data)
    .data                                    0x20000024   Section        1  time.o(.data)
    .data                                    0x20000028   Section       12  protocol.o(.data)
    .data                                    0x20000034   Section       20  stm32f10x_rcc.o(.data)
    APBAHBPrescTable                         0x20000034   Data          16  stm32f10x_rcc.o(.data)
    ADCPrescTable                            0x20000044   Data           4  stm32f10x_rcc.o(.data)
    .data                                    0x20000048   Section        4  delay.o(.data)
    fac_us                                   0x20000048   Data           1  delay.o(.data)
    fac_ms                                   0x2000004a   Data           2  delay.o(.data)
    .data                                    0x2000004c   Section       12  usart.o(.data)
    .data                                    0x20000058   Section        2  4lf.o(.data)
    .data                                    0x2000005a   Section        2  gray.o(.data)
    .data                                    0x2000005c   Section        5  bluetooth.o(.data)
    .data                                    0x20000064   Section        4  stdout.o(.data)
    .data                                    0x20000068   Section        4  errno.o(.data)
    _errno                                   0x20000068   Data           4  errno.o(.data)
    .bss                                     0x2000006c   Section       80  protocol.o(.bss)
    .bss                                     0x200000bc   Section       80  usart.o(.bss)
    STACK                                    0x20000110   Section     1024  startup_stm32f10x_md.o(STACK)

    Global Symbols

    Symbol Name                              Value     Ov Type        Size  Object(Section)

    BuildAttributes$$THM_ISAv4$P$D$K$B$S$PE$A:L22UL41UL21$X:L11$S22US41US21$IEEE1$IW$USESV6$~STKCKD$USESV7$~SHL$OTIME$ROPI$EBA8$MICROLIB$REQ8$PRES8$EABIv2 0x00000000   Number         0  anon$$obj.o ABSOLUTE
    __ARM_use_no_argv                        0x00000000   Number         0  main.o ABSOLUTE
    _printf_a                                0x00000000   Number         0  stubs.o ABSOLUTE
    _printf_c                                0x00000000   Number         0  stubs.o ABSOLUTE
    _printf_charcount                        0x00000000   Number         0  stubs.o ABSOLUTE
    _printf_d                                0x00000000   Number         0  stubs.o ABSOLUTE
    _printf_e                                0x00000000   Number         0  stubs.o ABSOLUTE
    _printf_f                                0x00000000   Number         0  stubs.o ABSOLUTE
    _printf_flags                            0x00000000   Number         0  stubs.o ABSOLUTE
    _printf_fp_dec                           0x00000000   Number         0  stubs.o ABSOLUTE
    _printf_fp_hex                           0x00000000   Number         0  stubs.o ABSOLUTE
    _printf_g                                0x00000000   Number         0  stubs.o ABSOLUTE
    _printf_i                                0x00000000   Number         0  stubs.o ABSOLUTE
    _printf_int_dec                          0x00000000   Number         0  stubs.o ABSOLUTE
    _printf_l                                0x00000000   Number         0  stubs.o ABSOLUTE
    _printf_lc                               0x00000000   Number         0  stubs.o ABSOLUTE
    _printf_ll                               0x00000000   Number         0  stubs.o ABSOLUTE
    _printf_lld                              0x00000000   Number         0  stubs.o ABSOLUTE
    _printf_lli                              0x00000000   Number         0  stubs.o ABSOLUTE
    _printf_llo                              0x00000000   Number         0  stubs.o ABSOLUTE
    _printf_llu                              0x00000000   Number         0  stubs.o ABSOLUTE
    _printf_llx                              0x00000000   Number         0  stubs.o ABSOLUTE
    _printf_longlong_dec                     0x00000000   Number         0  stubs.o ABSOLUTE
    _printf_longlong_hex                     0x00000000   Number         0  stubs.o ABSOLUTE
    _printf_longlong_oct                     0x00000000   Number         0  stubs.o ABSOLUTE
    _printf_ls                               0x00000000   Number         0  stubs.o ABSOLUTE
    _printf_mbtowc                           0x00000000   Number         0  stubs.o ABSOLUTE
    _printf_n                                0x00000000   Number         0  stubs.o ABSOLUTE
    _printf_o                                0x00000000   Number         0  stubs.o ABSOLUTE
    _printf_p                                0x00000000   Number         0  stubs.o ABSOLUTE
    _printf_percent                          0x00000000   Number         0  stubs.o ABSOLUTE
    _printf_pre_padding                      0x00000000   Number         0  stubs.o ABSOLUTE
    _printf_return_value                     0x00000000   Number         0  stubs.o ABSOLUTE
    _printf_s                                0x00000000   Number         0  stubs.o ABSOLUTE
    _printf_sizespec                         0x00000000   Number         0  stubs.o ABSOLUTE
    _printf_str                              0x00000000   Number         0  stubs.o ABSOLUTE
    _printf_truncate_signed                  0x00000000   Number         0  stubs.o ABSOLUTE
    _printf_truncate_unsigned                0x00000000   Number         0  stubs.o ABSOLUTE
    _printf_u                                0x00000000   Number         0  stubs.o ABSOLUTE
    _printf_wc                               0x00000000   Number         0  stubs.o ABSOLUTE
    _printf_wctomb                           0x00000000   Number         0  stubs.o ABSOLUTE
    _printf_widthprec                        0x00000000   Number         0  stubs.o ABSOLUTE
    _printf_x                                0x00000000   Number         0  stubs.o ABSOLUTE
    __arm_fini_                               - Undefined Weak Reference
    __cpp_initialize__aeabi_                  - Undefined Weak Reference
    __cxa_finalize                            - Undefined Weak Reference
    __decompress                              - Undefined Weak Reference
    _clock_init                               - Undefined Weak Reference
    _microlib_exit                            - Undefined Weak Reference
    __Vectors_Size                           0x000000ec   Number         0  startup_stm32f10x_md.o ABSOLUTE
    __Vectors                                0x08000000   Data           4  startup_stm32f10x_md.o(RESET)
    __Vectors_End                            0x080000ec   Data           0  startup_stm32f10x_md.o(RESET)
    __main                                   0x080000ed   Thumb Code     0  entry.o(.ARM.Collect$$$$00000000)
    _main_stk                                0x080000ed   Thumb Code     0  entry2.o(.ARM.Collect$$$$00000001)
    _main_scatterload                        0x080000f1   Thumb Code     0  entry5.o(.ARM.Collect$$$$00000004)
    __main_after_scatterload                 0x080000f5   Thumb Code     0  entry5.o(.ARM.Collect$$$$00000004)
    _main_clock                              0x080000f5   Thumb Code     0  entry7b.o(.ARM.Collect$$$$00000008)
    _main_cpp_init                           0x080000f5   Thumb Code     0  entry8b.o(.ARM.Collect$$$$0000000A)
    _main_init                               0x080000f5   Thumb Code     0  entry9a.o(.ARM.Collect$$$$0000000B)
    __rt_lib_shutdown_fini                   0x080000fd   Thumb Code     0  entry12b.o(.ARM.Collect$$$$0000000E)
    __rt_final_cpp                           0x08000101   Thumb Code     0  entry10a.o(.ARM.Collect$$$$0000000F)
    __rt_final_exit                          0x08000101   Thumb Code     0  entry11a.o(.ARM.Collect$$$$00000011)
    Reset_Handler                            0x08000105   Thumb Code     8  startup_stm32f10x_md.o(.text)
    ADC1_2_IRQHandler                        0x0800011f   Thumb Code     0  startup_stm32f10x_md.o(.text)
    CAN1_RX1_IRQHandler                      0x0800011f   Thumb Code     0  startup_stm32f10x_md.o(.text)
    CAN1_SCE_IRQHandler                      0x0800011f   Thumb Code     0  startup_stm32f10x_md.o(.text)
    DMA1_Channel1_IRQHandler                 0x0800011f   Thumb Code     0  startup_stm32f10x_md.o(.text)
    DMA1_Channel2_IRQHandler                 0x0800011f   Thumb Code     0  startup_stm32f10x_md.o(.text)
    DMA1_Channel3_IRQHandler                 0x0800011f   Thumb Code     0  startup_stm32f10x_md.o(.text)
    DMA1_Channel4_IRQHandler                 0x0800011f   Thumb Code     0  startup_stm32f10x_md.o(.text)
    DMA1_Channel5_IRQHandler                 0x0800011f   Thumb Code     0  startup_stm32f10x_md.o(.text)
    DMA1_Channel6_IRQHandler                 0x0800011f   Thumb Code     0  startup_stm32f10x_md.o(.text)
    DMA1_Channel7_IRQHandler                 0x0800011f   Thumb Code     0  startup_stm32f10x_md.o(.text)
    EXTI0_IRQHandler                         0x0800011f   Thumb Code     0  startup_stm32f10x_md.o(.text)
    EXTI15_10_IRQHandler                     0x0800011f   Thumb Code     0  startup_stm32f10x_md.o(.text)
    EXTI1_IRQHandler                         0x0800011f   Thumb Code     0  startup_stm32f10x_md.o(.text)
    EXTI2_IRQHandler                         0x0800011f   Thumb Code     0  startup_stm32f10x_md.o(.text)
    EXTI3_IRQHandler                         0x0800011f   Thumb Code     0  startup_stm32f10x_md.o(.text)
    EXTI4_IRQHandler                         0x0800011f   Thumb Code     0  startup_stm32f10x_md.o(.text)
    EXTI9_5_IRQHandler                       0x0800011f   Thumb Code     0  startup_stm32f10x_md.o(.text)
    FLASH_IRQHandler                         0x0800011f   Thumb Code     0  startup_stm32f10x_md.o(.text)
    I2C1_ER_IRQHandler                       0x0800011f   Thumb Code     0  startup_stm32f10x_md.o(.text)
    I2C1_EV_IRQHandler                       0x0800011f   Thumb Code     0  startup_stm32f10x_md.o(.text)
    I2C2_ER_IRQHandler                       0x0800011f   Thumb Code     0  startup_stm32f10x_md.o(.text)
    I2C2_EV_IRQHandler                       0x0800011f   Thumb Code     0  startup_stm32f10x_md.o(.text)
    PVD_IRQHandler                           0x0800011f   Thumb Code     0  startup_stm32f10x_md.o(.text)
    RCC_IRQHandler                           0x0800011f   Thumb Code     0  startup_stm32f10x_md.o(.text)
    RTCAlarm_IRQHandler                      0x0800011f   Thumb Code     0  startup_stm32f10x_md.o(.text)
    RTC_IRQHandler                           0x0800011f   Thumb Code     0  startup_stm32f10x_md.o(.text)
    SPI1_IRQHandler                          0x0800011f   Thumb Code     0  startup_stm32f10x_md.o(.text)
    SPI2_IRQHandler                          0x0800011f   Thumb Code     0  startup_stm32f10x_md.o(.text)
    TAMPER_IRQHandler                        0x0800011f   Thumb Code     0  startup_stm32f10x_md.o(.text)
    TIM1_BRK_IRQHandler                      0x0800011f   Thumb Code     0  startup_stm32f10x_md.o(.text)
    TIM1_CC_IRQHandler                       0x0800011f   Thumb Code     0  startup_stm32f10x_md.o(.text)
    TIM1_TRG_COM_IRQHandler                  0x0800011f   Thumb Code     0  startup_stm32f10x_md.o(.text)
    TIM2_IRQHandler                          0x0800011f   Thumb Code     0  startup_stm32f10x_md.o(.text)
    TIM3_IRQHandler                          0x0800011f   Thumb Code     0  startup_stm32f10x_md.o(.text)
    TIM4_IRQHandler                          0x0800011f   Thumb Code     0  startup_stm32f10x_md.o(.text)
    USART1_IRQHandler                        0x0800011f   Thumb Code     0  startup_stm32f10x_md.o(.text)
    USART3_IRQHandler                        0x0800011f   Thumb Code     0  startup_stm32f10x_md.o(.text)
    USBWakeUp_IRQHandler                     0x0800011f   Thumb Code     0  startup_stm32f10x_md.o(.text)
    USB_HP_CAN1_TX_IRQHandler                0x0800011f   Thumb Code     0  startup_stm32f10x_md.o(.text)
    USB_LP_CAN1_RX0_IRQHandler               0x0800011f   Thumb Code     0  startup_stm32f10x_md.o(.text)
    WWDG_IRQHandler                          0x0800011f   Thumb Code     0  startup_stm32f10x_md.o(.text)
    __aeabi_memcpy                           0x08000129   Thumb Code    36  memcpya.o(.text)
    __aeabi_memcpy4                          0x08000129   Thumb Code     0  memcpya.o(.text)
    __aeabi_memcpy8                          0x08000129   Thumb Code     0  memcpya.o(.text)
    __aeabi_memset                           0x0800014d   Thumb Code    14  memseta.o(.text)
    __aeabi_memset4                          0x0800014d   Thumb Code     0  memseta.o(.text)
    __aeabi_memset8                          0x0800014d   Thumb Code     0  memseta.o(.text)
    __aeabi_memclr                           0x0800015b   Thumb Code     4  memseta.o(.text)
    __aeabi_memclr4                          0x0800015b   Thumb Code     0  memseta.o(.text)
    __aeabi_memclr8                          0x0800015b   Thumb Code     0  memseta.o(.text)
    _memset$wrapper                          0x0800015f   Thumb Code    18  memseta.o(.text)
    atoi                                     0x08000171   Thumb Code    26  atoi.o(.text)
    __aeabi_fmul                             0x0800018b   Thumb Code   100  fmul.o(.text)
    __aeabi_fdiv                             0x080001ef   Thumb Code   124  fdiv.o(.text)
    __aeabi_dmul                             0x0800026b   Thumb Code   228  dmul.o(.text)
    __aeabi_ui2f                             0x0800034f   Thumb Code    10  ffltui.o(.text)
    __aeabi_i2d                              0x08000359   Thumb Code    34  dflti.o(.text)
    __aeabi_ui2d                             0x0800037b   Thumb Code    26  dfltui.o(.text)
    __aeabi_f2iz                             0x08000395   Thumb Code    50  ffixi.o(.text)
    __aeabi_f2uiz                            0x080003c7   Thumb Code    40  ffixui.o(.text)
    __aeabi_d2uiz                            0x080003ef   Thumb Code    50  dfixui.o(.text)
    __aeabi_f2d                              0x08000421   Thumb Code    38  f2d.o(.text)
    __aeabi_uidiv                            0x08000447   Thumb Code     0  uidiv.o(.text)
    __aeabi_uidivmod                         0x08000447   Thumb Code    44  uidiv.o(.text)
    __aeabi_uldivmod                         0x08000473   Thumb Code    98  uldiv.o(.text)
    __aeabi_llsr                             0x080004d5   Thumb Code    32  llushr.o(.text)
    _ll_ushift_r                             0x080004d5   Thumb Code     0  llushr.o(.text)
    strtol                                   0x080004f5   Thumb Code   112  strtol.o(.text)
    __I$use$fp                               0x08000565   Thumb Code     0  iusefp.o(.text)
    _float_round                             0x08000565   Thumb Code    18  fepilogue.o(.text)
    _float_epilogue                          0x08000577   Thumb Code    92  fepilogue.o(.text)
    _double_round                            0x080005d3   Thumb Code    30  depilogue.o(.text)
    _double_epilogue                         0x080005f1   Thumb Code   156  depilogue.o(.text)
    __aeabi_dadd                             0x0800068d   Thumb Code   322  dadd.o(.text)
    __aeabi_dsub                             0x080007cf   Thumb Code     6  dadd.o(.text)
    __aeabi_drsub                            0x080007d5   Thumb Code     6  dadd.o(.text)
    __aeabi_ddiv                             0x080007db   Thumb Code   222  ddiv.o(.text)
    __aeabi_d2ulz                            0x080008b9   Thumb Code    48  dfixul.o(.text)
    __aeabi_cdrcmple                         0x080008e9   Thumb Code    48  cdrcmple.o(.text)
    __scatterload                            0x08000919   Thumb Code    28  init.o(.text)
    __scatterload_rt2                        0x08000919   Thumb Code     0  init.o(.text)
    __aeabi_llsl                             0x0800093d   Thumb Code    30  llshl.o(.text)
    _ll_shift_l                              0x0800093d   Thumb Code     0  llshl.o(.text)
    __aeabi_lasr                             0x0800095b   Thumb Code    36  llsshr.o(.text)
    _ll_sshift_r                             0x0800095b   Thumb Code     0  llsshr.o(.text)
    __rt_ctype_table                         0x08000981   Thumb Code     4  ctype_o.o(.text)
    _strtoul                                 0x08000989   Thumb Code   158  _strtoul.o(.text)
    _chval                                   0x08000a27   Thumb Code    28  _chval.o(.text)
    ADC_Cmd                                  0x08000a43   Thumb Code    22  stm32f10x_adc.o(i.ADC_Cmd)
    ADC_DeInit                               0x08000a59   Thumb Code    78  stm32f10x_adc.o(i.ADC_DeInit)
    ADC_GetCalibrationStatus                 0x08000ab5   Thumb Code    20  stm32f10x_adc.o(i.ADC_GetCalibrationStatus)
    ADC_GetConversionValue                   0x08000ac9   Thumb Code     8  stm32f10x_adc.o(i.ADC_GetConversionValue)
    ADC_GetFlagStatus                        0x08000ad1   Thumb Code    18  stm32f10x_adc.o(i.ADC_GetFlagStatus)
    ADC_GetResetCalibrationStatus            0x08000ae3   Thumb Code    20  stm32f10x_adc.o(i.ADC_GetResetCalibrationStatus)
    ADC_Init                                 0x08000af9   Thumb Code    70  stm32f10x_adc.o(i.ADC_Init)
    ADC_RegularChannelConfig                 0x08000b49   Thumb Code   184  stm32f10x_adc.o(i.ADC_RegularChannelConfig)
    ADC_ResetCalibration                     0x08000c01   Thumb Code    10  stm32f10x_adc.o(i.ADC_ResetCalibration)
    ADC_SoftwareStartConvCmd                 0x08000c0b   Thumb Code    22  stm32f10x_adc.o(i.ADC_SoftwareStartConvCmd)
    ADC_StartCalibration                     0x08000c21   Thumb Code    10  stm32f10x_adc.o(i.ADC_StartCalibration)
    BusFault_Handler                         0x08000c2b   Thumb Code     4  stm32f10x_it.o(i.BusFault_Handler)
    Car_Backward                             0x08000c31   Thumb Code    54  motor.o(i.Car_Backward)
    Car_Forward                              0x08000c6d   Thumb Code    54  motor.o(i.Car_Forward)
    Car_Left_Turn                            0x08000ca9   Thumb Code    86  motor.o(i.Car_Left_Turn)
    Car_Right_Turn                           0x08000d09   Thumb Code    86  motor.o(i.Car_Right_Turn)
    Car_Stop                                 0x08000d69   Thumb Code    52  motor.o(i.Car_Stop)
    Car_Turn_Left_InPlace                    0x08000da1   Thumb Code    54  motor.o(i.Car_Turn_Left_InPlace)
    Car_Turn_Right_InPlace                   0x08000ddd   Thumb Code    54  motor.o(i.Car_Turn_Right_InPlace)
    DebugMon_Handler                         0x08000e19   Thumb Code     2  stm32f10x_it.o(i.DebugMon_Handler)
    FAN_OFF                                  0x08000e1d   Thumb Code    38  fan.o(i.FAN_OFF)
    FAN_ON                                   0x08000e51   Thumb Code    40  fan.o(i.FAN_ON)
    GPIO_Init                                0x08000e85   Thumb Code   278  stm32f10x_gpio.o(i.GPIO_Init)
    GPIO_PinRemapConfig                      0x08000f9d   Thumb Code   138  stm32f10x_gpio.o(i.GPIO_PinRemapConfig)
    GPIO_ReadInputDataBit                    0x0800102d   Thumb Code    18  stm32f10x_gpio.o(i.GPIO_ReadInputDataBit)
    GPIO_ResetBits                           0x0800103f   Thumb Code     4  stm32f10x_gpio.o(i.GPIO_ResetBits)
    GPIO_SetBits                             0x08001043   Thumb Code     4  stm32f10x_gpio.o(i.GPIO_SetBits)
    GRAY_ADC_Init                            0x08001049   Thumb Code   114  gray.o(i.GRAY_ADC_Init)
    Get_4FL                                  0x080010c1   Thumb Code   110  4lf.o(i.Get_4FL)
    Get_IR                                   0x08001139   Thumb Code    62  infrared.o(i.Get_IR)
    HardFault_Handler                        0x0800117d   Thumb Code     4  stm32f10x_it.o(i.HardFault_Handler)
    IR_Sensor_Init                           0x08001181   Thumb Code    52  infrared.o(i.IR_Sensor_Init)
    LF_GPIO_Init                             0x080011b9   Thumb Code    50  4lf.o(i.LF_GPIO_Init)
    Line_Following_Control                   0x080011f5   Thumb Code   686  4lf.o(i.Line_Following_Control)
    MemManage_Handler                        0x080014b5   Thumb Code     4  stm32f10x_it.o(i.MemManage_Handler)
    ModeBEEP                                 0x080014b9   Thumb Code    48  speaker.o(i.ModeBEEP)
    Motor_Init                               0x080014e9   Thumb Code   188  motor.o(i.Motor_Init)
    NMI_Handler                              0x080015b1   Thumb Code     2  stm32f10x_it.o(i.NMI_Handler)
    NVIC_Init                                0x080015b5   Thumb Code   100  misc.o(i.NVIC_Init)
    NVIC_PriorityGroupConfig                 0x08001625   Thumb Code    10  misc.o(i.NVIC_PriorityGroupConfig)
    PA1_Init_As_Sensor                       0x08001639   Thumb Code    42  gray.o(i.PA1_Init_As_Sensor)
    PA1_Switch_To_Fan                        0x08001671   Thumb Code    44  gray.o(i.PA1_Switch_To_Fan)
    PA1_Switch_To_Sensor                     0x080016a5   Thumb Code    38  gray.o(i.PA1_Switch_To_Sensor)
    PendSV_Handler                           0x080016d5   Thumb Code     2  stm32f10x_it.o(i.PendSV_Handler)
    Protocol                                 0x080016d9   Thumb Code  1262  protocol.o(i.Protocol)
    ProtocolCpyData                          0x08001be1   Thumb Code    26  protocol.o(i.ProtocolCpyData)
    RCC_APB1PeriphClockCmd                   0x08001c09   Thumb Code    26  stm32f10x_rcc.o(i.RCC_APB1PeriphClockCmd)
    RCC_APB2PeriphClockCmd                   0x08001c29   Thumb Code    26  stm32f10x_rcc.o(i.RCC_APB2PeriphClockCmd)
    RCC_APB2PeriphResetCmd                   0x08001c49   Thumb Code    26  stm32f10x_rcc.o(i.RCC_APB2PeriphResetCmd)
    RCC_GetClocksFreq                        0x08001c69   Thumb Code   192  stm32f10x_rcc.o(i.RCC_GetClocksFreq)
    Read_Gray_Sensor                         0x08001d3d   Thumb Code    42  gray.o(i.Read_Gray_Sensor)
    SPEAKER_FAST                             0x08001d71   Thumb Code    24  speaker.o(i.SPEAKER_FAST)
    SPEAKER_Init                             0x08001d89   Thumb Code    46  speaker.o(i.SPEAKER_Init)
    SPEAKER_OFF                              0x08001dbd   Thumb Code    12  speaker.o(i.SPEAKER_OFF)
    SPEAKER_ON                               0x08001dcd   Thumb Code    12  speaker.o(i.SPEAKER_ON)
    SVC_Handler                              0x08001ddd   Thumb Code     2  stm32f10x_it.o(i.SVC_Handler)
    Servo_SetAngle                           0x08001de1   Thumb Code    38  servo.o(i.Servo_SetAngle)
    Set_Left_Speed                           0x08001ef5   Thumb Code    24  motor.o(i.Set_Left_Speed)
    Set_RGB_Brightness                       0x08001f11   Thumb Code    14  ledbypwm.o(i.Set_RGB_Brightness)
    Set_Right_Speed                          0x08001f25   Thumb Code    24  motor.o(i.Set_Right_Speed)
    StringFind                               0x08001f41   Thumb Code    76  protocol.o(i.StringFind)
    SysTick_CLKSourceConfig                  0x08001f8d   Thumb Code    40  misc.o(i.SysTick_CLKSourceConfig)
    SysTick_Handler                          0x08001fb5   Thumb Code     2  stm32f10x_it.o(i.SysTick_Handler)
    SystemInit                               0x08001fb9   Thumb Code    78  system_stm32f10x.o(i.SystemInit)
    TIM1_Init                                0x08002019   Thumb Code   182  time.o(i.TIM1_Init)
    TIM1_UP_IRQHandler                       0x080020d9   Thumb Code    48  time.o(i.TIM1_UP_IRQHandler)
    TIM2_Init                                0x08002111   Thumb Code    64  ultrasonic.o(i.TIM2_Init)
    TIM3_PWM_Init                            0x08002151   Thumb Code   216  ledbypwm.o(i.TIM3_PWM_Init)
    TIM_ARRPreloadConfig                     0x08002235   Thumb Code    24  stm32f10x_tim.o(i.TIM_ARRPreloadConfig)
    TIM_ClearITPendingBit                    0x0800224d   Thumb Code     6  stm32f10x_tim.o(i.TIM_ClearITPendingBit)
    TIM_Cmd                                  0x08002253   Thumb Code    24  stm32f10x_tim.o(i.TIM_Cmd)
    TIM_CtrlPWMOutputs                       0x0800226b   Thumb Code    30  stm32f10x_tim.o(i.TIM_CtrlPWMOutputs)
    TIM_GetITStatus                          0x08002289   Thumb Code    34  stm32f10x_tim.o(i.TIM_GetITStatus)
    TIM_ITConfig                             0x080022ab   Thumb Code    18  stm32f10x_tim.o(i.TIM_ITConfig)
    TIM_OC1Init                              0x080022bd   Thumb Code   132  stm32f10x_tim.o(i.TIM_OC1Init)
    TIM_OC1PreloadConfig                     0x08002355   Thumb Code    18  stm32f10x_tim.o(i.TIM_OC1PreloadConfig)
    TIM_OC2Init                              0x08002369   Thumb Code   154  stm32f10x_tim.o(i.TIM_OC2Init)
    TIM_OC2PreloadConfig                     0x0800240d   Thumb Code    26  stm32f10x_tim.o(i.TIM_OC2PreloadConfig)
    TIM_OC3Init                              0x08002429   Thumb Code   150  stm32f10x_tim.o(i.TIM_OC3Init)
    TIM_OC3PreloadConfig                     0x080024c9   Thumb Code    18  stm32f10x_tim.o(i.TIM_OC3PreloadConfig)
    TIM_OC4Init                              0x080024dd   Thumb Code   114  stm32f10x_tim.o(i.TIM_OC4Init)
    TIM_OC4PreloadConfig                     0x08002559   Thumb Code    26  stm32f10x_tim.o(i.TIM_OC4PreloadConfig)
    TIM_SetCompare1                          0x08002573   Thumb Code     4  stm32f10x_tim.o(i.TIM_SetCompare1)
    TIM_SetCompare2                          0x08002577   Thumb Code     4  stm32f10x_tim.o(i.TIM_SetCompare2)
    TIM_SetCompare4                          0x0800257b   Thumb Code     6  stm32f10x_tim.o(i.TIM_SetCompare4)
    TIM_TimeBaseInit                         0x08002581   Thumb Code   122  stm32f10x_tim.o(i.TIM_TimeBaseInit)
    ULTRASONIC_SERVO_Avoidance               0x08002625   Thumb Code   176  ultrasonic.o(i.ULTRASONIC_SERVO_Avoidance)
    USART2_IRQHandler                        0x080026d5   Thumb Code   152  usart.o(i.USART2_IRQHandler)
    USART_ClearFlag                          0x08002785   Thumb Code    18  stm32f10x_usart.o(i.USART_ClearFlag)
    USART_ClearITPendingBit                  0x08002797   Thumb Code    30  stm32f10x_usart.o(i.USART_ClearITPendingBit)
    USART_Cmd                                0x080027b5   Thumb Code    24  stm32f10x_usart.o(i.USART_Cmd)
    USART_GetFlagStatus                      0x080027cd   Thumb Code    26  stm32f10x_usart.o(i.USART_GetFlagStatus)
    USART_ITConfig                           0x080027e7   Thumb Code    74  stm32f10x_usart.o(i.USART_ITConfig)
    USART_Init                               0x08002831   Thumb Code   210  stm32f10x_usart.o(i.USART_Init)
    USART_ReceiveData                        0x08002909   Thumb Code    10  stm32f10x_usart.o(i.USART_ReceiveData)
    USART_SendData                           0x08002913   Thumb Code     8  stm32f10x_usart.o(i.USART_SendData)
    USWAVE_GPIO_Init                         0x0800291d   Thumb Code    88  ultrasonic.o(i.USWAVE_GPIO_Init)
    Uart2_init                               0x0800297d   Thumb Code   154  usart.o(i.Uart2_init)
    Ultrasonic_GetDistance                   0x08002a21   Thumb Code   224  ultrasonic.o(i.Ultrasonic_GetDistance)
    UsageFault_Handler                       0x08002b09   Thumb Code     4  stm32f10x_it.o(i.UsageFault_Handler)
    __0printf                                0x08002b0d   Thumb Code    22  printfa.o(i.__0printf)
    __1printf                                0x08002b0d   Thumb Code     0  printfa.o(i.__0printf)
    __2printf                                0x08002b0d   Thumb Code     0  printfa.o(i.__0printf)
    __c89printf                              0x08002b0d   Thumb Code     0  printfa.o(i.__0printf)
    printf                                   0x08002b0d   Thumb Code     0  printfa.o(i.__0printf)
    __aeabi_errno_addr                       0x08002b2d   Thumb Code     4  errno.o(i.__aeabi_errno_addr)
    __rt_errno_addr                          0x08002b2d   Thumb Code     0  errno.o(i.__aeabi_errno_addr)
    __scatterload_copy                       0x08002b35   Thumb Code    14  handlers.o(i.__scatterload_copy)
    __scatterload_null                       0x08002b43   Thumb Code     2  handlers.o(i.__scatterload_null)
    __scatterload_zeroinit                   0x08002b45   Thumb Code    14  handlers.o(i.__scatterload_zeroinit)
    bluetooth_deal                           0x080033e1   Thumb Code    66  bluetooth.o(i.bluetooth_deal)
    colour_mode                              0x0800342d   Thumb Code   394  ledbypwm.o(i.colour_mode)
    delay_init                               0x080035c1   Thumb Code    50  delay.o(i.delay_init)
    delay_ms                                 0x08003605   Thumb Code    72  delay.o(i.delay_ms)
    delay_us                                 0x08003651   Thumb Code    72  delay.o(i.delay_us)
    fputc                                    0x0800369d   Thumb Code    32  usart.o(i.fputc)
    main                                     0x080036c1   Thumb Code    82  main.o(i.main)
    serial_data_postback                     0x08003715   Thumb Code    86  bluetooth.o(i.serial_data_postback)
    whistle                                  0x080037a1   Thumb Code    44  speaker.o(i.whistle)
    __ctype_table                            0x080037cc   Data         129  ctype_o.o(.constdata)
    Region$$Table$$Base                      0x08003854   Number         0  anon$$obj.o(Region$$Table)
    Region$$Table$$Limit                     0x08003874   Number         0  anon$$obj.o(Region$$Table)
    SystemCoreClock                          0x20000000   Data           4  system_stm32f10x.o(.data)
    AHBPrescTable                            0x20000004   Data          16  system_stm32f10x.o(.data)
    red_level                                0x20000014   Data           2  ledbypwm.o(.data)
    green_level                              0x20000016   Data           2  ledbypwm.o(.data)
    blue_level                               0x20000018   Data           2  ledbypwm.o(.data)
    angle                                    0x2000001c   Data           4  ledbypwm.o(.data)
    update_counter                           0x20000024   Data           1  time.o(.data)
    CarSpeedControl                          0x20000028   Data           4  protocol.o(.data)
    enCarState                               0x2000002c   Data           1  protocol.o(.data)
    g_CarState                               0x20000030   Data           4  protocol.o(.data)
    newLineReceived                          0x2000004c   Data           1  usart.o(.data)
    startBit                                 0x2000004d   Data           1  usart.o(.data)
    g_num                                    0x20000050   Data           4  usart.o(.data)
    g_packnum                                0x20000054   Data           4  usart.o(.data)
    Area                                     0x20000058   Data           1  4lf.o(.data)
    Last_Area                                0x20000059   Data           1  4lf.o(.data)
    fan_needed                               0x2000005a   Data           1  gray.o(.data)
    gpio_mode                                0x2000005b   Data           1  gray.o(.data)
    g_modeSelect                             0x2000005c   Data           4  bluetooth.o(.data)
    g_Boolfire                               0x20000060   Data           1  bluetooth.o(.data)
    __stdout                                 0x20000064   Data           4  stdout.o(.data)
    ProtocolString                           0x2000006c   Data          80  protocol.o(.bss)
    inputString                              0x200000bc   Data          80  usart.o(.bss)
    __initial_sp                             0x20000510   Data           0  startup_stm32f10x_md.o(STACK)



==============================================================================

Memory Map of the image

  Image Entry point : 0x080000ed

  Load Region LR_IROM1 (Base: 0x08000000, Size: 0x000038e0, Max: 0x00010000, ABSOLUTE)

    Execution Region ER_IROM1 (Exec base: 0x08000000, Load base: 0x08000000, Size: 0x00003874, Max: 0x00010000, ABSOLUTE)

    Exec Addr    Load Addr    Size         Type   Attr      Idx    E Section Name        Object

    0x08000000   0x08000000   0x000000ec   Data   RO          665    RESET               startup_stm32f10x_md.o
    0x080000ec   0x080000ec   0x00000000   Code   RO         4382  * .ARM.Collect$$$$00000000  mc_w.l(entry.o)
    0x080000ec   0x080000ec   0x00000004   Code   RO         4674    .ARM.Collect$$$$00000001  mc_w.l(entry2.o)
    0x080000f0   0x080000f0   0x00000004   Code   RO         4677    .ARM.Collect$$$$00000004  mc_w.l(entry5.o)
    0x080000f4   0x080000f4   0x00000000   Code   RO         4679    .ARM.Collect$$$$00000008  mc_w.l(entry7b.o)
    0x080000f4   0x080000f4   0x00000000   Code   RO         4681    .ARM.Collect$$$$0000000A  mc_w.l(entry8b.o)
    0x080000f4   0x080000f4   0x00000008   Code   RO         4682    .ARM.Collect$$$$0000000B  mc_w.l(entry9a.o)
    0x080000fc   0x080000fc   0x00000004   Code   RO         4689    .ARM.Collect$$$$0000000E  mc_w.l(entry12b.o)
    0x08000100   0x08000100   0x00000000   Code   RO         4684    .ARM.Collect$$$$0000000F  mc_w.l(entry10a.o)
    0x08000100   0x08000100   0x00000000   Code   RO         4686    .ARM.Collect$$$$00000011  mc_w.l(entry11a.o)
    0x08000100   0x08000100   0x00000004   Code   RO         4675    .ARM.Collect$$$$00002712  mc_w.l(entry2.o)
    0x08000104   0x08000104   0x00000024   Code   RO          666    .text               startup_stm32f10x_md.o
    0x08000128   0x08000128   0x00000024   Code   RO         4385    .text               mc_w.l(memcpya.o)
    0x0800014c   0x0800014c   0x00000024   Code   RO         4387    .text               mc_w.l(memseta.o)
    0x08000170   0x08000170   0x0000001a   Code   RO         4652    .text               mc_w.l(atoi.o)
    0x0800018a   0x0800018a   0x00000064   Code   RO         4654    .text               mf_w.l(fmul.o)
    0x080001ee   0x080001ee   0x0000007c   Code   RO         4656    .text               mf_w.l(fdiv.o)
    0x0800026a   0x0800026a   0x000000e4   Code   RO         4658    .text               mf_w.l(dmul.o)
    0x0800034e   0x0800034e   0x0000000a   Code   RO         4660    .text               mf_w.l(ffltui.o)
    0x08000358   0x08000358   0x00000022   Code   RO         4662    .text               mf_w.l(dflti.o)
    0x0800037a   0x0800037a   0x0000001a   Code   RO         4664    .text               mf_w.l(dfltui.o)
    0x08000394   0x08000394   0x00000032   Code   RO         4666    .text               mf_w.l(ffixi.o)
    0x080003c6   0x080003c6   0x00000028   Code   RO         4668    .text               mf_w.l(ffixui.o)
    0x080003ee   0x080003ee   0x00000032   Code   RO         4670    .text               mf_w.l(dfixui.o)
    0x08000420   0x08000420   0x00000026   Code   RO         4672    .text               mf_w.l(f2d.o)
    0x08000446   0x08000446   0x0000002c   Code   RO         4691    .text               mc_w.l(uidiv.o)
    0x08000472   0x08000472   0x00000062   Code   RO         4693    .text               mc_w.l(uldiv.o)
    0x080004d4   0x080004d4   0x00000020   Code   RO         4695    .text               mc_w.l(llushr.o)
    0x080004f4   0x080004f4   0x00000070   Code   RO         4704    .text               mc_w.l(strtol.o)
    0x08000564   0x08000564   0x00000000   Code   RO         4706    .text               mc_w.l(iusefp.o)
    0x08000564   0x08000564   0x0000006e   Code   RO         4707    .text               mf_w.l(fepilogue.o)
    0x080005d2   0x080005d2   0x000000ba   Code   RO         4709    .text               mf_w.l(depilogue.o)
    0x0800068c   0x0800068c   0x0000014e   Code   RO         4711    .text               mf_w.l(dadd.o)
    0x080007da   0x080007da   0x000000de   Code   RO         4713    .text               mf_w.l(ddiv.o)
    0x080008b8   0x080008b8   0x00000030   Code   RO         4715    .text               mf_w.l(dfixul.o)
    0x080008e8   0x080008e8   0x00000030   Code   RO         4717    .text               mf_w.l(cdrcmple.o)
    0x08000918   0x08000918   0x00000024   Code   RO         4719    .text               mc_w.l(init.o)
    0x0800093c   0x0800093c   0x0000001e   Code   RO         4721    .text               mc_w.l(llshl.o)
    0x0800095a   0x0800095a   0x00000024   Code   RO         4723    .text               mc_w.l(llsshr.o)
    0x0800097e   0x0800097e   0x00000002   PAD
    0x08000980   0x08000980   0x00000008   Code   RO         4725    .text               mc_w.l(ctype_o.o)
    0x08000988   0x08000988   0x0000009e   Code   RO         4753    .text               mc_w.l(_strtoul.o)
    0x08000a26   0x08000a26   0x0000001c   Code   RO         4755    .text               mc_w.l(_chval.o)
    0x08000a42   0x08000a42   0x00000016   Code   RO          738    i.ADC_Cmd           stm32f10x_adc.o
    0x08000a58   0x08000a58   0x0000005c   Code   RO          740    i.ADC_DeInit        stm32f10x_adc.o
    0x08000ab4   0x08000ab4   0x00000014   Code   RO          746    i.ADC_GetCalibrationStatus  stm32f10x_adc.o
    0x08000ac8   0x08000ac8   0x00000008   Code   RO          747    i.ADC_GetConversionValue  stm32f10x_adc.o
    0x08000ad0   0x08000ad0   0x00000012   Code   RO          749    i.ADC_GetFlagStatus  stm32f10x_adc.o
    0x08000ae2   0x08000ae2   0x00000014   Code   RO          752    i.ADC_GetResetCalibrationStatus  stm32f10x_adc.o
    0x08000af6   0x08000af6   0x00000002   PAD
    0x08000af8   0x08000af8   0x00000050   Code   RO          756    i.ADC_Init          stm32f10x_adc.o
    0x08000b48   0x08000b48   0x000000b8   Code   RO          760    i.ADC_RegularChannelConfig  stm32f10x_adc.o
    0x08000c00   0x08000c00   0x0000000a   Code   RO          761    i.ADC_ResetCalibration  stm32f10x_adc.o
    0x08000c0a   0x08000c0a   0x00000016   Code   RO          763    i.ADC_SoftwareStartConvCmd  stm32f10x_adc.o
    0x08000c20   0x08000c20   0x0000000a   Code   RO          765    i.ADC_StartCalibration  stm32f10x_adc.o
    0x08000c2a   0x08000c2a   0x00000004   Code   RO          160    i.BusFault_Handler  stm32f10x_it.o
    0x08000c2e   0x08000c2e   0x00000002   PAD
    0x08000c30   0x08000c30   0x0000003c   Code   RO         3969    i.Car_Backward      motor.o
    0x08000c6c   0x08000c6c   0x0000003c   Code   RO         3970    i.Car_Forward       motor.o
    0x08000ca8   0x08000ca8   0x00000060   Code   RO         3971    i.Car_Left_Turn     motor.o
    0x08000d08   0x08000d08   0x00000060   Code   RO         3972    i.Car_Right_Turn    motor.o
    0x08000d68   0x08000d68   0x00000038   Code   RO         3973    i.Car_Stop          motor.o
    0x08000da0   0x08000da0   0x0000003c   Code   RO         3974    i.Car_Turn_Left_InPlace  motor.o
    0x08000ddc   0x08000ddc   0x0000003c   Code   RO         3975    i.Car_Turn_Right_InPlace  motor.o
    0x08000e18   0x08000e18   0x00000002   Code   RO          161    i.DebugMon_Handler  stm32f10x_it.o
    0x08000e1a   0x08000e1a   0x00000002   PAD
    0x08000e1c   0x08000e1c   0x00000034   Code   RO         3833    i.FAN_OFF           fan.o
    0x08000e50   0x08000e50   0x00000034   Code   RO         3834    i.FAN_ON            fan.o
    0x08000e84   0x08000e84   0x00000116   Code   RO         1847    i.GPIO_Init         stm32f10x_gpio.o
    0x08000f9a   0x08000f9a   0x00000002   PAD
    0x08000f9c   0x08000f9c   0x00000090   Code   RO         1849    i.GPIO_PinRemapConfig  stm32f10x_gpio.o
    0x0800102c   0x0800102c   0x00000012   Code   RO         1851    i.GPIO_ReadInputDataBit  stm32f10x_gpio.o
    0x0800103e   0x0800103e   0x00000004   Code   RO         1854    i.GPIO_ResetBits    stm32f10x_gpio.o
    0x08001042   0x08001042   0x00000004   Code   RO         1855    i.GPIO_SetBits      stm32f10x_gpio.o
    0x08001046   0x08001046   0x00000002   PAD
    0x08001048   0x08001048   0x00000078   Code   RO         4100    i.GRAY_ADC_Init     gray.o
    0x080010c0   0x080010c0   0x00000078   Code   RO         4065    i.Get_4FL           4lf.o
    0x08001138   0x08001138   0x00000044   Code   RO         4041    i.Get_IR            infrared.o
    0x0800117c   0x0800117c   0x00000004   Code   RO          162    i.HardFault_Handler  stm32f10x_it.o
    0x08001180   0x08001180   0x00000038   Code   RO         4043    i.IR_Sensor_Init    infrared.o
    0x080011b8   0x080011b8   0x0000003c   Code   RO         4066    i.LF_GPIO_Init      4lf.o
    0x080011f4   0x080011f4   0x000002c0   Code   RO         4067    i.Line_Following_Control  4lf.o
    0x080014b4   0x080014b4   0x00000004   Code   RO          163    i.MemManage_Handler  stm32f10x_it.o
    0x080014b8   0x080014b8   0x00000030   Code   RO         3855    i.ModeBEEP          speaker.o
    0x080014e8   0x080014e8   0x000000c8   Code   RO         3977    i.Motor_Init        motor.o
    0x080015b0   0x080015b0   0x00000002   Code   RO          164    i.NMI_Handler       stm32f10x_it.o
    0x080015b2   0x080015b2   0x00000002   PAD
    0x080015b4   0x080015b4   0x00000070   Code   RO          670    i.NVIC_Init         misc.o
    0x08001624   0x08001624   0x00000014   Code   RO          671    i.NVIC_PriorityGroupConfig  misc.o
    0x08001638   0x08001638   0x00000038   Code   RO         4101    i.PA1_Init_As_Sensor  gray.o
    0x08001670   0x08001670   0x00000034   Code   RO         4102    i.PA1_Switch_To_Fan  gray.o
    0x080016a4   0x080016a4   0x00000030   Code   RO         4103    i.PA1_Switch_To_Sensor  gray.o
    0x080016d4   0x080016d4   0x00000002   Code   RO          165    i.PendSV_Handler    stm32f10x_it.o
    0x080016d6   0x080016d6   0x00000002   PAD
    0x080016d8   0x080016d8   0x00000508   Code   RO          583    i.Protocol          protocol.o
    0x08001be0   0x08001be0   0x00000028   Code   RO          584    i.ProtocolCpyData   protocol.o
    0x08001c08   0x08001c08   0x00000020   Code   RO         2263    i.RCC_APB1PeriphClockCmd  stm32f10x_rcc.o
    0x08001c28   0x08001c28   0x00000020   Code   RO         2265    i.RCC_APB2PeriphClockCmd  stm32f10x_rcc.o
    0x08001c48   0x08001c48   0x00000020   Code   RO         2266    i.RCC_APB2PeriphResetCmd  stm32f10x_rcc.o
    0x08001c68   0x08001c68   0x000000d4   Code   RO         2273    i.RCC_GetClocksFreq  stm32f10x_rcc.o
    0x08001d3c   0x08001d3c   0x00000034   Code   RO         4104    i.Read_Gray_Sensor  gray.o
    0x08001d70   0x08001d70   0x00000018   Code   RO         3856    i.SPEAKER_FAST      speaker.o
    0x08001d88   0x08001d88   0x00000034   Code   RO         3857    i.SPEAKER_Init      speaker.o
    0x08001dbc   0x08001dbc   0x00000010   Code   RO         3858    i.SPEAKER_OFF       speaker.o
    0x08001dcc   0x08001dcc   0x00000010   Code   RO         3859    i.SPEAKER_ON        speaker.o
    0x08001ddc   0x08001ddc   0x00000002   Code   RO          166    i.SVC_Handler       stm32f10x_it.o
    0x08001dde   0x08001dde   0x00000002   PAD
    0x08001de0   0x08001de0   0x0000002c   Code   RO         4232    i.Servo_SetAngle    servo.o
    0x08001e0c   0x08001e0c   0x00000008   Code   RO          310    i.SetSysClock       system_stm32f10x.o
    0x08001e14   0x08001e14   0x000000e0   Code   RO          311    i.SetSysClockTo72   system_stm32f10x.o
    0x08001ef4   0x08001ef4   0x0000001c   Code   RO         3978    i.Set_Left_Speed    motor.o
    0x08001f10   0x08001f10   0x00000014   Code   RO          344    i.Set_RGB_Brightness  ledbypwm.o
    0x08001f24   0x08001f24   0x0000001c   Code   RO         3979    i.Set_Right_Speed   motor.o
    0x08001f40   0x08001f40   0x0000004c   Code   RO          585    i.StringFind        protocol.o
    0x08001f8c   0x08001f8c   0x00000028   Code   RO          674    i.SysTick_CLKSourceConfig  misc.o
    0x08001fb4   0x08001fb4   0x00000002   Code   RO          167    i.SysTick_Handler   stm32f10x_it.o
    0x08001fb6   0x08001fb6   0x00000002   PAD
    0x08001fb8   0x08001fb8   0x00000060   Code   RO          313    i.SystemInit        system_stm32f10x.o
    0x08002018   0x08002018   0x000000c0   Code   RO          475    i.TIM1_Init         time.o
    0x080020d8   0x080020d8   0x00000038   Code   RO          476    i.TIM1_UP_IRQHandler  time.o
    0x08002110   0x08002110   0x00000040   Code   RO         3904    i.TIM2_Init         ultrasonic.o
    0x08002150   0x08002150   0x000000e4   Code   RO          345    i.TIM3_PWM_Init     ledbypwm.o
    0x08002234   0x08002234   0x00000018   Code   RO         2885    i.TIM_ARRPreloadConfig  stm32f10x_tim.o
    0x0800224c   0x0800224c   0x00000006   Code   RO         2892    i.TIM_ClearITPendingBit  stm32f10x_tim.o
    0x08002252   0x08002252   0x00000018   Code   RO         2897    i.TIM_Cmd           stm32f10x_tim.o
    0x0800226a   0x0800226a   0x0000001e   Code   RO         2899    i.TIM_CtrlPWMOutputs  stm32f10x_tim.o
    0x08002288   0x08002288   0x00000022   Code   RO         2918    i.TIM_GetITStatus   stm32f10x_tim.o
    0x080022aa   0x080022aa   0x00000012   Code   RO         2922    i.TIM_ITConfig      stm32f10x_tim.o
    0x080022bc   0x080022bc   0x00000098   Code   RO         2926    i.TIM_OC1Init       stm32f10x_tim.o
    0x08002354   0x08002354   0x00000012   Code   RO         2929    i.TIM_OC1PreloadConfig  stm32f10x_tim.o
    0x08002366   0x08002366   0x00000002   PAD
    0x08002368   0x08002368   0x000000a4   Code   RO         2931    i.TIM_OC2Init       stm32f10x_tim.o
    0x0800240c   0x0800240c   0x0000001a   Code   RO         2934    i.TIM_OC2PreloadConfig  stm32f10x_tim.o
    0x08002426   0x08002426   0x00000002   PAD
    0x08002428   0x08002428   0x000000a0   Code   RO         2936    i.TIM_OC3Init       stm32f10x_tim.o
    0x080024c8   0x080024c8   0x00000012   Code   RO         2939    i.TIM_OC3PreloadConfig  stm32f10x_tim.o
    0x080024da   0x080024da   0x00000002   PAD
    0x080024dc   0x080024dc   0x0000007c   Code   RO         2941    i.TIM_OC4Init       stm32f10x_tim.o
    0x08002558   0x08002558   0x0000001a   Code   RO         2943    i.TIM_OC4PreloadConfig  stm32f10x_tim.o
    0x08002572   0x08002572   0x00000004   Code   RO         2958    i.TIM_SetCompare1   stm32f10x_tim.o
    0x08002576   0x08002576   0x00000004   Code   RO         2959    i.TIM_SetCompare2   stm32f10x_tim.o
    0x0800257a   0x0800257a   0x00000006   Code   RO         2961    i.TIM_SetCompare4   stm32f10x_tim.o
    0x08002580   0x08002580   0x000000a4   Code   RO         2968    i.TIM_TimeBaseInit  stm32f10x_tim.o
    0x08002624   0x08002624   0x000000b0   Code   RO         3905    i.ULTRASONIC_SERVO_Avoidance  ultrasonic.o
    0x080026d4   0x080026d4   0x000000b0   Code   RO         3723    i.USART2_IRQHandler  usart.o
    0x08002784   0x08002784   0x00000012   Code   RO         3429    i.USART_ClearFlag   stm32f10x_usart.o
    0x08002796   0x08002796   0x0000001e   Code   RO         3430    i.USART_ClearITPendingBit  stm32f10x_usart.o
    0x080027b4   0x080027b4   0x00000018   Code   RO         3433    i.USART_Cmd         stm32f10x_usart.o
    0x080027cc   0x080027cc   0x0000001a   Code   RO         3436    i.USART_GetFlagStatus  stm32f10x_usart.o
    0x080027e6   0x080027e6   0x0000004a   Code   RO         3439    i.USART_ITConfig    stm32f10x_usart.o
    0x08002830   0x08002830   0x000000d8   Code   RO         3440    i.USART_Init        stm32f10x_usart.o
    0x08002908   0x08002908   0x0000000a   Code   RO         3447    i.USART_ReceiveData  stm32f10x_usart.o
    0x08002912   0x08002912   0x00000008   Code   RO         3450    i.USART_SendData    stm32f10x_usart.o
    0x0800291a   0x0800291a   0x00000002   PAD
    0x0800291c   0x0800291c   0x00000060   Code   RO         3908    i.USWAVE_GPIO_Init  ultrasonic.o
    0x0800297c   0x0800297c   0x000000a4   Code   RO         3726    i.Uart2_init        usart.o
    0x08002a20   0x08002a20   0x000000e8   Code   RO         3910    i.Ultrasonic_GetDistance  ultrasonic.o
    0x08002b08   0x08002b08   0x00000004   Code   RO          168    i.UsageFault_Handler  stm32f10x_it.o
    0x08002b0c   0x08002b0c   0x00000020   Code   RO         4624    i.__0printf         mc_w.l(printfa.o)
    0x08002b2c   0x08002b2c   0x00000008   Code   RO         4697    i.__aeabi_errno_addr  mc_w.l(errno.o)
    0x08002b34   0x08002b34   0x0000000e   Code   RO         4759    i.__scatterload_copy  mc_w.l(handlers.o)
    0x08002b42   0x08002b42   0x00000002   Code   RO         4760    i.__scatterload_null  mc_w.l(handlers.o)
    0x08002b44   0x08002b44   0x0000000e   Code   RO         4761    i.__scatterload_zeroinit  mc_w.l(handlers.o)
    0x08002b52   0x08002b52   0x00000002   PAD
    0x08002b54   0x08002b54   0x00000184   Code   RO         4631    i._fp_digits        mc_w.l(printfa.o)
    0x08002cd8   0x08002cd8   0x000006b4   Code   RO         4632    i._printf_core      mc_w.l(printfa.o)
    0x0800338c   0x0800338c   0x00000024   Code   RO         4633    i._printf_post_padding  mc_w.l(printfa.o)
    0x080033b0   0x080033b0   0x0000002e   Code   RO         4634    i._printf_pre_padding  mc_w.l(printfa.o)
    0x080033de   0x080033de   0x00000002   PAD
    0x080033e0   0x080033e0   0x0000004c   Code   RO         4287    i.bluetooth_deal    bluetooth.o
    0x0800342c   0x0800342c   0x00000194   Code   RO          347    i.colour_mode       ledbypwm.o
    0x080035c0   0x080035c0   0x00000044   Code   RO         3663    i.delay_init        delay.o
    0x08003604   0x08003604   0x0000004c   Code   RO         3664    i.delay_ms          delay.o
    0x08003650   0x08003650   0x0000004c   Code   RO         3665    i.delay_us          delay.o
    0x0800369c   0x0800369c   0x00000024   Code   RO         3727    i.fputc             usart.o
    0x080036c0   0x080036c0   0x00000052   Code   RO            1    i.main              main.o
    0x08003712   0x08003712   0x00000002   PAD
    0x08003714   0x08003714   0x0000008c   Code   RO         4288    i.serial_data_postback  bluetooth.o
    0x080037a0   0x080037a0   0x0000002c   Code   RO         3861    i.whistle           speaker.o
    0x080037cc   0x080037cc   0x00000081   Data   RO         4726    .constdata          mc_w.l(ctype_o.o)
    0x0800384d   0x0800384d   0x00000003   PAD
    0x08003850   0x08003850   0x00000004   Data   RO         4727    .constdata          mc_w.l(ctype_o.o)
    0x08003854   0x08003854   0x00000020   Data   RO         4757    Region$$Table       anon$$obj.o


    Execution Region RW_IRAM1 (Exec base: 0x20000000, Load base: 0x08003874, Size: 0x00000510, Max: 0x00005000, ABSOLUTE)

    Exec Addr    Load Addr    Size         Type   Attr      Idx    E Section Name        Object

    0x20000000   0x08003874   0x00000014   Data   RW          314    .data               system_stm32f10x.o
    0x20000014   0x08003888   0x00000010   Data   RW          349    .data               ledbypwm.o
    0x20000024   0x08003898   0x00000001   Data   RW          477    .data               time.o
    0x20000025   0x08003899   0x00000003   PAD
    0x20000028   0x0800389c   0x0000000c   Data   RW          587    .data               protocol.o
    0x20000034   0x080038a8   0x00000014   Data   RW         2293    .data               stm32f10x_rcc.o
    0x20000048   0x080038bc   0x00000004   Data   RW         3666    .data               delay.o
    0x2000004c   0x080038c0   0x0000000c   Data   RW         3729    .data               usart.o
    0x20000058   0x080038cc   0x00000002   Data   RW         4068    .data               4lf.o
    0x2000005a   0x080038ce   0x00000002   Data   RW         4105    .data               gray.o
    0x2000005c   0x080038d0   0x00000005   Data   RW         4289    .data               bluetooth.o
    0x20000061   0x080038d5   0x00000003   PAD
    0x20000064   0x080038d8   0x00000004   Data   RW         4690    .data               mc_w.l(stdout.o)
    0x20000068   0x080038dc   0x00000004   Data   RW         4700    .data               mc_w.l(errno.o)
    0x2000006c        -       0x00000050   Zero   RW          586    .bss                protocol.o
    0x200000bc        -       0x00000050   Zero   RW         3728    .bss                usart.o
    0x2000010c   0x080038e0   0x00000004   PAD
    0x20000110        -       0x00000400   Zero   RW          663    STACK               startup_stm32f10x_md.o


==============================================================================

Image component sizes


      Code (inc. data)   RO Data    RW Data    ZI Data      Debug   Object Name

       884         38          0          2          0       2511   4lf.o
       216         72          0          5          0     202990   bluetooth.o
         0          0          0          0          0         32   core_cm3.o
       220         26          0          4          0       1543   delay.o
       104         26          0          0          0        811   fan.o
       328         48          0          2          0     222094   gray.o
       124         10          0          0          0        990   infrared.o
       652         28          0         16          0      31144   ledbypwm.o
        82          0          0          0          0      13291   main.o
       172         22          0          0          0     214157   misc.o
       744         68          0          0          0       4970   motor.o
      1404        128          0         12         80     221020   protocol.o
        44          6          0          0          0        509   servo.o
       200         14          0          0          0       2670   speaker.o
        36          8        236          0       1024        752   startup_stm32f10x_md.o
       486         24          0          0          0       7922   stm32f10x_adc.o
       448          6          0          0          0       4206   stm32f10x_gpio.o
        26          0          0          0          0      46566   stm32f10x_it.o
       308         38          0         20          0       4735   stm32f10x_rcc.o
      1002         92          0          0          0      10356   stm32f10x_tim.o
       406          6          0          0          0       6121   stm32f10x_usart.o
       328         28          0         20          0       1981   system_stm32f10x.o
       248         18          0          1          0     233454   time.o
       568         16          0          0          0       3265   ultrasonic.o
       376         38          0         12         80       3732   usart.o

    ----------------------------------------------------------------------
      9434        760        268        100       1188    1241822   Object Totals
         0          0         32          0          0          0   (incl. Generated)
        28          0          0          6          4          0   (incl. Padding)

    ----------------------------------------------------------------------

      Code (inc. data)   RO Data    RW Data    ZI Data      Debug   Library Member Name

        28          0          0          0          0         68   _chval.o
       158          0          0          0          0         92   _strtoul.o
        26          0          0          0          0         80   atoi.o
         8          4        133          0          0         68   ctype_o.o
         0          0          0          0          0          0   entry.o
         0          0          0          0          0          0   entry10a.o
         0          0          0          0          0          0   entry11a.o
         4          0          0          0          0          0   entry12b.o
         8          4          0          0          0          0   entry2.o
         4          0          0          0          0          0   entry5.o
         0          0          0          0          0          0   entry7b.o
         0          0          0          0          0          0   entry8b.o
         8          4          0          0          0          0   entry9a.o
         8          4          0          4          0         68   errno.o
        30          0          0          0          0          0   handlers.o
        36          8          0          0          0         68   init.o
         0          0          0          0          0          0   iusefp.o
        30          0          0          0          0         68   llshl.o
        36          0          0          0          0         68   llsshr.o
        32          0          0          0          0         68   llushr.o
        36          0          0          0          0         68   memcpya.o
        36          0          0          0          0        108   memseta.o
      2218         90          0          0          0        464   printfa.o
         0          0          0          4          0          0   stdout.o
       112          0          0          0          0         88   strtol.o
        44          0          0          0          0         80   uidiv.o
        98          0          0          0          0         92   uldiv.o
        48          0          0          0          0         68   cdrcmple.o
       334          0          0          0          0        148   dadd.o
       222          0          0          0          0        100   ddiv.o
       186          0          0          0          0        176   depilogue.o
        50          0          0          0          0         76   dfixui.o
        48          0          0          0          0         68   dfixul.o
        34          0          0          0          0         76   dflti.o
        26          0          0          0          0         76   dfltui.o
       228          0          0          0          0         96   dmul.o
        38          0          0          0          0         68   f2d.o
       124          0          0          0          0         88   fdiv.o
       110          0          0          0          0        168   fepilogue.o
        50          0          0          0          0         68   ffixi.o
        40          0          0          0          0         68   ffixui.o
        10          0          0          0          0         68   ffltui.o
       100          0          0          0          0         76   fmul.o

    ----------------------------------------------------------------------
      4614        114        136          8          0       3036   Library Totals
         6          0          3          0          0          0   (incl. Padding)

    ----------------------------------------------------------------------

      Code (inc. data)   RO Data    RW Data    ZI Data      Debug   Library Name

      2960        114        133          8          0       1548   mc_w.l
      1648          0          0          0          0       1488   mf_w.l

    ----------------------------------------------------------------------
      4614        114        136          8          0       3036   Library Totals

    ----------------------------------------------------------------------

==============================================================================


      Code (inc. data)   RO Data    RW Data    ZI Data      Debug   

     14048        874        404        108       1188    1237782   Grand Totals
     14048        874        404        108       1188    1237782   ELF Image Totals
     14048        874        404        108          0          0   ROM Totals

==============================================================================

    Total RO  Size (Code + RO Data)                14452 (  14.11kB)
    Total RW  Size (RW Data + ZI Data)              1296 (   1.27kB)
    Total ROM Size (Code + RO Data + RW Data)      14560 (  14.22kB)

==============================================================================

